Archive member included because of file (symbol)

/Users/imac/Develop/stm32f4/arm_gcc/gcc-arm-none-eabi-4_7-2013q3/bin/../lib/gcc/arm-none-eabi/4.7.4/../../../../arm-none-eabi/lib/armv7-m/libm.a(lib_a-sf_cos.o)
                              obj/SKYROVER/gps.o (cosf)
/Users/imac/Develop/stm32f4/arm_gcc/gcc-arm-none-eabi-4_7-2013q3/bin/../lib/gcc/arm-none-eabi/4.7.4/../../../../arm-none-eabi/lib/armv7-m/libm.a(lib_a-sf_lrint.o)
                              obj/SKYROVER/imu.o (lrintf)
/Users/imac/Develop/stm32f4/arm_gcc/gcc-arm-none-eabi-4_7-2013q3/bin/../lib/gcc/arm-none-eabi/4.7.4/../../../../arm-none-eabi/lib/armv7-m/libm.a(lib_a-sf_sin.o)
                              obj/SKYROVER/gps.o (sinf)
/Users/imac/Develop/stm32f4/arm_gcc/gcc-arm-none-eabi-4_7-2013q3/bin/../lib/gcc/arm-none-eabi/4.7.4/../../../../arm-none-eabi/lib/armv7-m/libm.a(lib_a-wf_atan2.o)
                              obj/SKYROVER/gps.o (atan2f)
/Users/imac/Develop/stm32f4/arm_gcc/gcc-arm-none-eabi-4_7-2013q3/bin/../lib/gcc/arm-none-eabi/4.7.4/../../../../arm-none-eabi/lib/armv7-m/libm.a(lib_a-wf_pow.o)
                              obj/SKYROVER/imu.o (powf)
/Users/imac/Develop/stm32f4/arm_gcc/gcc-arm-none-eabi-4_7-2013q3/bin/../lib/gcc/arm-none-eabi/4.7.4/../../../../arm-none-eabi/lib/armv7-m/libm.a(lib_a-wf_sqrt.o)
                              obj/SKYROVER/gps.o (sqrtf)
/Users/imac/Develop/stm32f4/arm_gcc/gcc-arm-none-eabi-4_7-2013q3/bin/../lib/gcc/arm-none-eabi/4.7.4/../../../../arm-none-eabi/lib/armv7-m/libm.a(lib_a-ef_atan2.o)
                              /Users/imac/Develop/stm32f4/arm_gcc/gcc-arm-none-eabi-4_7-2013q3/bin/../lib/gcc/arm-none-eabi/4.7.4/../../../../arm-none-eabi/lib/armv7-m/libm.a(lib_a-wf_atan2.o) (__ieee754_atan2f)
/Users/imac/Develop/stm32f4/arm_gcc/gcc-arm-none-eabi-4_7-2013q3/bin/../lib/gcc/arm-none-eabi/4.7.4/../../../../arm-none-eabi/lib/armv7-m/libm.a(lib_a-ef_pow.o)
                              /Users/imac/Develop/stm32f4/arm_gcc/gcc-arm-none-eabi-4_7-2013q3/bin/../lib/gcc/arm-none-eabi/4.7.4/../../../../arm-none-eabi/lib/armv7-m/libm.a(lib_a-wf_pow.o) (__ieee754_powf)
/Users/imac/Develop/stm32f4/arm_gcc/gcc-arm-none-eabi-4_7-2013q3/bin/../lib/gcc/arm-none-eabi/4.7.4/../../../../arm-none-eabi/lib/armv7-m/libm.a(lib_a-ef_rem_pio2.o)
                              /Users/imac/Develop/stm32f4/arm_gcc/gcc-arm-none-eabi-4_7-2013q3/bin/../lib/gcc/arm-none-eabi/4.7.4/../../../../arm-none-eabi/lib/armv7-m/libm.a(lib_a-sf_cos.o) (__ieee754_rem_pio2f)
/Users/imac/Develop/stm32f4/arm_gcc/gcc-arm-none-eabi-4_7-2013q3/bin/../lib/gcc/arm-none-eabi/4.7.4/../../../../arm-none-eabi/lib/armv7-m/libm.a(lib_a-ef_sqrt.o)
                              /Users/imac/Develop/stm32f4/arm_gcc/gcc-arm-none-eabi-4_7-2013q3/bin/../lib/gcc/arm-none-eabi/4.7.4/../../../../arm-none-eabi/lib/armv7-m/libm.a(lib_a-wf_sqrt.o) (__ieee754_sqrtf)
/Users/imac/Develop/stm32f4/arm_gcc/gcc-arm-none-eabi-4_7-2013q3/bin/../lib/gcc/arm-none-eabi/4.7.4/../../../../arm-none-eabi/lib/armv7-m/libm.a(lib_a-kf_cos.o)
                              /Users/imac/Develop/stm32f4/arm_gcc/gcc-arm-none-eabi-4_7-2013q3/bin/../lib/gcc/arm-none-eabi/4.7.4/../../../../arm-none-eabi/lib/armv7-m/libm.a(lib_a-sf_cos.o) (__kernel_cosf)
/Users/imac/Develop/stm32f4/arm_gcc/gcc-arm-none-eabi-4_7-2013q3/bin/../lib/gcc/arm-none-eabi/4.7.4/../../../../arm-none-eabi/lib/armv7-m/libm.a(lib_a-kf_rem_pio2.o)
                              /Users/imac/Develop/stm32f4/arm_gcc/gcc-arm-none-eabi-4_7-2013q3/bin/../lib/gcc/arm-none-eabi/4.7.4/../../../../arm-none-eabi/lib/armv7-m/libm.a(lib_a-ef_rem_pio2.o) (__kernel_rem_pio2f)
/Users/imac/Develop/stm32f4/arm_gcc/gcc-arm-none-eabi-4_7-2013q3/bin/../lib/gcc/arm-none-eabi/4.7.4/../../../../arm-none-eabi/lib/armv7-m/libm.a(lib_a-kf_sin.o)
                              /Users/imac/Develop/stm32f4/arm_gcc/gcc-arm-none-eabi-4_7-2013q3/bin/../lib/gcc/arm-none-eabi/4.7.4/../../../../arm-none-eabi/lib/armv7-m/libm.a(lib_a-sf_cos.o) (__kernel_sinf)
/Users/imac/Develop/stm32f4/arm_gcc/gcc-arm-none-eabi-4_7-2013q3/bin/../lib/gcc/arm-none-eabi/4.7.4/../../../../arm-none-eabi/lib/armv7-m/libm.a(lib_a-s_lib_ver.o)
                              /Users/imac/Develop/stm32f4/arm_gcc/gcc-arm-none-eabi-4_7-2013q3/bin/../lib/gcc/arm-none-eabi/4.7.4/../../../../arm-none-eabi/lib/armv7-m/libm.a(lib_a-wf_pow.o) (__fdlib_version)
/Users/imac/Develop/stm32f4/arm_gcc/gcc-arm-none-eabi-4_7-2013q3/bin/../lib/gcc/arm-none-eabi/4.7.4/../../../../arm-none-eabi/lib/armv7-m/libm.a(lib_a-s_matherr.o)
                              /Users/imac/Develop/stm32f4/arm_gcc/gcc-arm-none-eabi-4_7-2013q3/bin/../lib/gcc/arm-none-eabi/4.7.4/../../../../arm-none-eabi/lib/armv7-m/libm.a(lib_a-wf_pow.o) (matherr)
/Users/imac/Develop/stm32f4/arm_gcc/gcc-arm-none-eabi-4_7-2013q3/bin/../lib/gcc/arm-none-eabi/4.7.4/../../../../arm-none-eabi/lib/armv7-m/libm.a(lib_a-s_rint.o)
[...]
Memory Configuration

Name             Origin             Length             Attributes
FLASH            0x0000000008003000 0x000000000001cc00 xr
RAM              0x0000000020000000 0x0000000000005000 xrw
MEMORY_B1        0x0000000060000000 0x0000000000000000 xr
*default*        0x0000000000000000 0xffffffffffffffff

Linker script and memory map

LOAD /Users/imac/Develop/stm32f4/arm_gcc/gcc-arm-none-eabi-4_7-2013q3/bin/../lib/gcc/arm-none-eabi/4.7.4/armv7-m/crti.o
LOAD /Users/imac/Develop/stm32f4/arm_gcc/gcc-arm-none-eabi-4_7-2013q3/bin/../lib/gcc/arm-none-eabi/4.7.4/armv7-m/crtbegin.o
LOAD /Users/imac/Develop/stm32f4/arm_gcc/gcc-arm-none-eabi-4_7-2013q3/bin/../lib/gcc/arm-none-eabi/4.7.4/../../../../arm-none-eabi/lib/armv7-m/crt0.o
LOAD obj/SKYROVER/drv_adc.o
LOAD obj/SKYROVER/drv_adxl345.o
LOAD obj/SKYROVER/drv_bma280.o
LOAD obj/SKYROVER/drv_bmp085.o
LOAD obj/SKYROVER/drv_ms5611.o
LOAD obj/SKYROVER/drv_hcsr04.o
LOAD obj/SKYROVER/drv_hmc5883l.o
LOAD obj/SKYROVER/drv_ledring.o
LOAD obj/SKYROVER/drv_mma845x.o
LOAD obj/SKYROVER/drv_mpu3050.o
LOAD obj/SKYROVER/drv_mpu6050.o
LOAD obj/SKYROVER/drv_l3g4200d.o
LOAD obj/SKYROVER/drv_pwm.o
LOAD obj/SKYROVER/drv_spi.o
LOAD obj/SKYROVER/drv_timer.o
LOAD obj/SKYROVER/drv_n5110.o
LOAD obj/SKYROVER/hexairbot.o
LOAD obj/SKYROVER/startup_stm32f10x_md_gcc.o
LOAD obj/SKYROVER/buzzer.o
LOAD obj/SKYROVER/cli.o
LOAD obj/SKYROVER/config.o
LOAD obj/SKYROVER/gps.o
LOAD obj/SKYROVER/imu.o
LOAD obj/SKYROVER/main.o
LOAD obj/SKYROVER/mixer.o
LOAD obj/SKYROVER/mw.o
LOAD obj/SKYROVER/sensors.o
LOAD obj/SKYROVER/serial.o
LOAD obj/SKYROVER/sbus.o
LOAD obj/SKYROVER/sumd.o
LOAD obj/SKYROVER/spektrum.o
LOAD obj/SKYROVER/telemetry.o
LOAD obj/SKYROVER/drv_gpio.o
LOAD obj/SKYROVER/drv_i2c.o
LOAD obj/SKYROVER/drv_i2c_soft.o
LOAD obj/SKYROVER/drv_system.o
LOAD obj/SKYROVER/drv_serial.o
LOAD obj/SKYROVER/drv_softserial.o
LOAD obj/SKYROVER/drv_uart.o
LOAD obj/SKYROVER/drv_vcom.o
LOAD obj/SKYROVER/drv_vcom_q.o
LOAD obj/SKYROVER/printf.o
LOAD obj/SKYROVER/utils.o
LOAD obj/SKYROVER/system_stm32f10x.o
LOAD obj/SKYROVER/misc.o
LOAD obj/SKYROVER/stm32f10x_adc.o
LOAD obj/SKYROVER/stm32f10x_bkp.o
LOAD obj/SKYROVER/stm32f10x_can.o
LOAD obj/SKYROVER/stm32f10x_cec.o
LOAD obj/SKYROVER/stm32f10x_crc.o
LOAD obj/SKYROVER/stm32f10x_dac.o
LOAD obj/SKYROVER/stm32f10x_dbgmcu.o
LOAD obj/SKYROVER/stm32f10x_dma.o
LOAD obj/SKYROVER/stm32f10x_exti.o
LOAD obj/SKYROVER/stm32f10x_flash.o
LOAD obj/SKYROVER/stm32f10x_fsmc.o
LOAD obj/SKYROVER/stm32f10x_gpio.o
LOAD obj/SKYROVER/stm32f10x_i2c.o
LOAD obj/SKYROVER/stm32f10x_iwdg.o
LOAD obj/SKYROVER/stm32f10x_pwr.o
LOAD obj/SKYROVER/stm32f10x_rcc.o
LOAD obj/SKYROVER/stm32f10x_rtc.o
LOAD obj/SKYROVER/stm32f10x_sdio.o
LOAD obj/SKYROVER/stm32f10x_spi.o
LOAD obj/SKYROVER/stm32f10x_tim.o
LOAD obj/SKYROVER/stm32f10x_usart.o
LOAD obj/SKYROVER/stm32f10x_wwdg.o
LOAD obj/SKYROVER/croutine.o
LOAD obj/SKYROVER/list.o
LOAD obj/SKYROVER/queue.o
LOAD obj/SKYROVER/tasks.o
LOAD obj/SKYROVER/timers.o
LOAD obj/SKYROVER/cmsis_os.o
LOAD obj/SKYROVER/heap_2.o
LOAD obj/SKYROVER/port.o
LOAD obj/SKYROVER/usb_core.o
LOAD obj/SKYROVER/usb_init.o
LOAD obj/SKYROVER/usb_int.o
LOAD obj/SKYROVER/usb_mem.o
LOAD obj/SKYROVER/usb_regs.o
LOAD obj/SKYROVER/usb_sil.o
LOAD obj/SKYROVER/hw_config.o
LOAD obj/SKYROVER/usb_desc.o
LOAD obj/SKYROVER/usb_endp.o
LOAD obj/SKYROVER/usb_istr.o
LOAD obj/SKYROVER/usb_prop.o
LOAD obj/SKYROVER/usb_pwr.o
LOAD /Users/imac/Develop/stm32f4/arm_gcc/gcc-arm-none-eabi-4_7-2013q3/bin/../lib/gcc/arm-none-eabi/4.7.4/../../../../arm-none-eabi/lib/armv7-m/libm.a
START GROUP
LOAD /Users/imac/Develop/stm32f4/arm_gcc/gcc-arm-none-eabi-4_7-2013q3/bin/../lib/gcc/arm-none-eabi/4.7.4/armv7-m/libgcc.a
LOAD /Users/imac/Develop/stm32f4/arm_gcc/gcc-arm-none-eabi-4_7-2013q3/bin/../lib/gcc/arm-none-eabi/4.7.4/../../../../arm-none-eabi/lib/armv7-m/libc.a
END GROUP
LOAD /Users/imac/Develop/stm32f4/arm_gcc/gcc-arm-none-eabi-4_7-2013q3/bin/../lib/gcc/arm-none-eabi/4.7.4/armv7-m/crtend.o
LOAD /Users/imac/Develop/stm32f4/arm_gcc/gcc-arm-none-eabi-4_7-2013q3/bin/../lib/gcc/arm-none-eabi/4.7.4/armv7-m/crtn.o
                0x0000000020005000                _estack = 0x20005000
                0x0000000000000000                _Min_Heap_Size = 0x0
                0x0000000000000400                _Min_Stack_Size = 0x400

.isr_vector     0x0000000008003000      0x10c
                0x0000000008003000                . = ALIGN (0x4)
 *(.isr_vector)
 .isr_vector    0x0000000008003000      0x10c obj/SKYROVER/startup_stm32f10x_md_gcc.o
                0x0000000008003000                g_pfnVectors
                0x000000000800310c                . = ALIGN (0x4)

.text           0x0000000008003110    0x153bc
                0x0000000008003110                . = ALIGN (0x4)
 *(.text)
 .text          0x0000000008003110       0x54 /Users/imac/Develop/stm32f4/arm_gcc/gcc-arm-none-eabi-4_7-2013q3/bin/../lib/gcc/arm-none-eabi/4.7.4/armv7-m/crtbegin.o
 .text          0x0000000008003164      0x370 /Users/imac/Develop/stm32f4/arm_gcc/gcc-arm-none-eabi-4_7-2013q3/bin/../lib/gcc/arm-none-eabi/4.7.4/armv7-m/libgcc.a(_arm_addsubdf3.o)
                0x0000000008003164                __aeabi_drsub
                0x000000000800316c                __subdf3
                0x000000000800316c                __aeabi_dsub
                0x0000000008003170                __aeabi_dadd
                0x0000000008003170                __adddf3
                0x00000000080033e8                __aeabi_ui2d
                0x00000000080033e8                __floatunsidf
                0x0000000008003408                __floatsidf
                0x0000000008003408                __aeabi_i2d
                0x000000000800342c                __extendsfdf2
                0x000000000800342c                __aeabi_f2d
                0x0000000008003468                __aeabi_ul2d
                0x0000000008003468                __floatundidf
                0x0000000008003478                __aeabi_l2d
                0x0000000008003478                __floatdidf
 .text          0x00000000080034d4      0x424 /Users/imac/Develop/stm32f4/arm_gcc/gcc-arm-none-eabi-4_7-2013q3/bin/../lib/gcc/arm-none-eabi/4.7.4/armv7-m/libgcc.a(_arm_muldivdf3.o)
                0x00000000080034d4                __aeabi_dmul
                0x00000000080034d4                __muldf3
                0x0000000008003728                __aeabi_ddiv
                0x0000000008003728                __divdf3
 .text          0x00000000080038f8      0x110 /Users/imac/Develop/stm32f4/arm_gcc/gcc-arm-none-eabi-4_7-2013q3/bin/../lib/gcc/arm-none-eabi/4.7.4/armv7-m/libgcc.a(_arm_cmpdf2.o)
                0x00000000080038f8                __gtdf2
                0x00000000080038f8                __gedf2
                0x0000000008003900                __ltdf2
                0x0000000008003900                __ledf2
                0x0000000008003908                __eqdf2
                0x0000000008003908                __nedf2
                0x0000000008003908                __cmpdf2
                0x0000000008003984                __aeabi_cdrcmple
                0x0000000008003994                __aeabi_cdcmple
                0x0000000008003994                __aeabi_cdcmpeq
                0x00000000080039a4                __aeabi_dcmpeq
                0x00000000080039b8                __aeabi_dcmplt
                0x00000000080039cc                __aeabi_dcmple
                0x00000000080039e0                __aeabi_dcmpge
                0x00000000080039f4                __aeabi_dcmpgt
 .text          0x0000000008003a08       0xa0 /Users/imac/Develop/stm32f4/arm_gcc/gcc-arm-none-eabi-4_7-2013q3/bin/../lib/gcc/arm-none-eabi/4.7.4/armv7-m/libgcc.a(_arm_truncdfsf2.o)
                0x0000000008003a08                __aeabi_d2f
                0x0000000008003a08                __truncdfsf2
 .text          0x0000000008003aa8      0x21c /Users/imac/Develop/stm32f4/arm_gcc/gcc-arm-none-eabi-4_7-2013q3/bin/../lib/gcc/arm-none-eabi/4.7.4/armv7-m/libgcc.a(_arm_addsubsf3.o)
                0x0000000008003aa8                __aeabi_frsub
                0x0000000008003ab0                __aeabi_fsub
                0x0000000008003ab0                __subsf3
                0x0000000008003ab4                __aeabi_fadd
                0x0000000008003ab4                __addsf3
                0x0000000008003c14                __aeabi_ui2f
                0x0000000008003c14                __floatunsisf
                0x0000000008003c1c                __floatsisf
                0x0000000008003c1c                __aeabi_i2f
                0x0000000008003c38                __aeabi_ul2f
                0x0000000008003c38                __floatundisf
                0x0000000008003c48                __aeabi_l2f
                0x0000000008003c48                __floatdisf
 .text          0x0000000008003cc4      0x2a0 /Users/imac/Develop/stm32f4/arm_gcc/gcc-arm-none-eabi-4_7-2013q3/bin/../lib/gcc/arm-none-eabi/4.7.4/armv7-m/libgcc.a(_arm_muldivsf3.o)
                0x0000000008003cc4                __mulsf3
                0x0000000008003cc4                __aeabi_fmul
                0x0000000008003e2c                __divsf3
                0x0000000008003e2c                __aeabi_fdiv
 .text          0x0000000008003f64       0xec /Users/imac/Develop/stm32f4/arm_gcc/gcc-arm-none-eabi-4_7-2013q3/bin/../lib/gcc/arm-none-eabi/4.7.4/armv7-m/libgcc.a(_arm_cmpsf2.o)
                0x0000000008003f64                __gesf2
                0x0000000008003f64                __gtsf2
                0x0000000008003f6c                __ltsf2
                0x0000000008003f6c                __lesf2
                0x0000000008003f74                __nesf2
                0x0000000008003f74                __eqsf2
                0x0000000008003f74                __cmpsf2
                0x0000000008003fd4                __aeabi_cfrcmple
                0x0000000008003fdc                __aeabi_cfcmpeq
                0x0000000008003fdc                __aeabi_cfcmple
                0x0000000008003fec                __aeabi_fcmpeq
                0x0000000008004000                __aeabi_fcmplt
                0x0000000008004014                __aeabi_fcmple
                0x0000000008004028                __aeabi_fcmpge
                0x000000000800403c                __aeabi_fcmpgt
 .text          0x0000000008004050       0x4c /Users/imac/Develop/stm32f4/arm_gcc/gcc-arm-none-eabi-4_7-2013q3/bin/../lib/gcc/arm-none-eabi/4.7.4/armv7-m/libgcc.a(_arm_fixsfsi.o)
                0x0000000008004050                __fixsfsi
                0x0000000008004050                __aeabi_f2iz
 .text          0x000000000800409c       0x40 /Users/imac/Develop/stm32f4/arm_gcc/gcc-arm-none-eabi-4_7-2013q3/bin/../lib/gcc/arm-none-eabi/4.7.4/armv7-m/libgcc.a(_arm_fixunssfsi.o)
                0x000000000800409c                __aeabi_f2uiz
                0x000000000800409c                __fixunssfsi
 *(.text*)
 .text.adcInit  0x00000000080040dc       0xec obj/SKYROVER/drv_adc.o
                0x00000000080040dc                adcInit
 .text.adcGetChannel
                0x00000000080041c8       0x10 obj/SKYROVER/drv_adc.o
                0x00000000080041c8                adcGetChannel
 .text.adxl345Read
                0x00000000080041d8       0xe0 obj/SKYROVER/drv_adxl345.o
 .text.adxl345Init
                0x00000000080042b8       0x64 obj/SKYROVER/drv_adxl345.o
 .text.adxl345Detect
                0x000000000800431c       0x58 obj/SKYROVER/drv_adxl345.o
                0x000000000800431c                adxl345Detect
 .text.bma280Read
                0x0000000008004374       0x58 obj/SKYROVER/drv_bma280.o
 .text.bma280Init
                0x00000000080043cc       0x30 obj/SKYROVER/drv_bma280.o
 .text.bma280Detect
                0x00000000080043fc       0x38 obj/SKYROVER/drv_bma280.o
                0x00000000080043fc                bma280Detect
 .text.bmp085_calculate
                0x0000000008004434       0xe0 obj/SKYROVER/drv_bmp085.o
 .text.bmp085_get_up
                0x0000000008004514       0x54 obj/SKYROVER/drv_bmp085.o
 .text.bmp085_get_ut
                0x0000000008004568       0x3c obj/SKYROVER/drv_bmp085.o
 .text.bmp085_start_up
                0x00000000080045a4       0x24 obj/SKYROVER/drv_bmp085.o
 .text.bmp085_start_ut
                0x00000000080045c8       0x14 obj/SKYROVER/drv_bmp085.o
 .text.EXTI15_10_IRQHandler
                0x00000000080045dc       0x24 obj/SKYROVER/drv_bmp085.o
                0x00000000080045dc                EXTI15_10_IRQHandler
 .text.bmp085Detect
                0x0000000008004600      0x1dc obj/SKYROVER/drv_bmp085.o
                0x0000000008004600                bmp085Detect
 .text.ms5611_calculate
                0x00000000080047dc      0x150 obj/SKYROVER/drv_ms5611.o
 .text.ms5611_read_adc
                0x000000000800492c       0x24 obj/SKYROVER/drv_ms5611.o
 .text.ms5611_get_up
                0x0000000008004950       0x10 obj/SKYROVER/drv_ms5611.o
 .text.ms5611_get_ut
                0x0000000008004960       0x10 obj/SKYROVER/drv_ms5611.o
 .text.ms5611_start_up
                0x0000000008004970        0xa obj/SKYROVER/drv_ms5611.o
 .text.ms5611_start_ut
                0x000000000800497a        0xa obj/SKYROVER/drv_ms5611.o
 .text.ms5611Detect
                0x0000000008004984      0x13c obj/SKYROVER/drv_ms5611.o
                0x0000000008004984                ms5611Detect
 .text.hmc5883lDetect
                0x0000000008004ac0       0x34 obj/SKYROVER/drv_hmc5883l.o
                0x0000000008004ac0                hmc5883lDetect
 .text.hmc5883lRead
                0x0000000008004af4       0x8c obj/SKYROVER/drv_hmc5883l.o
                0x0000000008004af4                hmc5883lRead
 .text.hmc5883lInit
                0x0000000008004b80      0x1b8 obj/SKYROVER/drv_hmc5883l.o
                0x0000000008004b80                hmc5883lInit
 .text.mma8452Read
                0x0000000008004d38       0x6c obj/SKYROVER/drv_mma845x.o
 .text.mma8452Init
                0x0000000008004da4       0x8c obj/SKYROVER/drv_mma845x.o
 .text.mma8452Detect
                0x0000000008004e30       0x5c obj/SKYROVER/drv_mma845x.o
                0x0000000008004e30                mma8452Detect
 .text.mpu3050ReadTemp
                0x0000000008004e8c       0x30 obj/SKYROVER/drv_mpu3050.o
 .text.mpu3050Read
                0x0000000008004ebc       0x68 obj/SKYROVER/drv_mpu3050.o
 .text.mpu3050Init
                0x0000000008004f24       0x5c obj/SKYROVER/drv_mpu3050.o
 .text.mpu3050Detect
                0x0000000008004f80       0x78 obj/SKYROVER/drv_mpu3050.o
                0x0000000008004f80                mpu3050Detect
 .text.mpu6050AccInit
                0x0000000008004ff8       0x28 obj/SKYROVER/drv_mpu6050.o
 .text.mpu6050GyroRead
                0x0000000008005020       0x68 obj/SKYROVER/drv_mpu6050.o
 .text.mpu6050AccRead
                0x0000000008005088       0x54 obj/SKYROVER/drv_mpu6050.o
 .text.mpu6050GyroInit
                0x00000000080050dc       0xa8 obj/SKYROVER/drv_mpu6050.o
 .text.mpu6050Detect
                0x0000000008005184      0x128 obj/SKYROVER/drv_mpu6050.o
                0x0000000008005184                mpu6050Detect
 .text.l3g4200dRead
                0x00000000080052ac       0x68 obj/SKYROVER/drv_l3g4200d.o
 .text.l3g4200dInit
                0x0000000008005314       0x44 obj/SKYROVER/drv_l3g4200d.o
 .text.l3g4200dDetect
                0x0000000008005358       0x64 obj/SKYROVER/drv_l3g4200d.o
                0x0000000008005358                l3g4200dDetect
 .text.pwmWriteBrushed
                0x00000000080053bc       0x24 obj/SKYROVER/drv_pwm.o
 .text.pwmWriteStandard
                0x00000000080053e0       0x10 obj/SKYROVER/drv_pwm.o
 .text.pwmOutConfig
                0x00000000080053f0      0x134 obj/SKYROVER/drv_pwm.o
 .text.ppmCallback
                0x0000000008005524       0x8c obj/SKYROVER/drv_pwm.o
 .text.pwmICConfig
                0x00000000080055b0       0x30 obj/SKYROVER/drv_pwm.o
                0x00000000080055b0                pwmICConfig
 .text.pwmInConfig
                0x00000000080055e0       0x64 obj/SKYROVER/drv_pwm.o
 .text.pwmCallback
                0x0000000008005644       0x60 obj/SKYROVER/drv_pwm.o
 .text.pwmInit  0x00000000080056a4      0x160 obj/SKYROVER/drv_pwm.o
                0x00000000080056a4                pwmInit
 .text.pwmWriteMotor
                0x0000000008005804       0x1c obj/SKYROVER/drv_pwm.o
                0x0000000008005804                pwmWriteMotor
 .text.pwmWriteServo
                0x0000000008005820       0x1c obj/SKYROVER/drv_pwm.o
                0x0000000008005820                pwmWriteServo
 .text.pwmRead  0x000000000800583c        0xc obj/SKYROVER/drv_pwm.o
                0x000000000800583c                pwmRead
 .text.spiSelect
                0x0000000008005848       0x14 obj/SKYROVER/drv_spi.o
                0x0000000008005848                spiSelect
 .text.spiTransferByte
                0x000000000800585c       0x34 obj/SKYROVER/drv_spi.o
                0x000000000800585c                spiTransferByte
 .text.spiTransfer
                0x0000000008005890       0x54 obj/SKYROVER/drv_spi.o
                0x0000000008005890                spiTransfer
 .text.spiInit  0x00000000080058e4       0xf8 obj/SKYROVER/drv_spi.o
                0x00000000080058e4                spiInit
 .text.configureTimerChannelCallback
                0x00000000080059dc       0x4c obj/SKYROVER/drv_timer.o
                0x00000000080059dc                configureTimerChannelCallback
 .text.configureTimerInputCaptureCompareChannel
                0x0000000008005a28       0x2c obj/SKYROVER/drv_timer.o
                0x0000000008005a28                configureTimerInputCaptureCompareChannel
 .text.configureTimerCaptureCompareInterrupt
                0x0000000008005a54       0x1e obj/SKYROVER/drv_timer.o
                0x0000000008005a54                configureTimerCaptureCompareInterrupt
 .text.timerNVICConfig
                0x0000000008005a72       0x1e obj/SKYROVER/drv_timer.o
                0x0000000008005a72                timerNVICConfig
 .text.configTimeBase
                0x0000000008005a90       0x44 obj/SKYROVER/drv_timer.o
                0x0000000008005a90                configTimeBase
 .text.timerInConfig
                0x0000000008005ad4       0x1c obj/SKYROVER/drv_timer.o
                0x0000000008005ad4                timerInConfig
 .text.findTimerConfig
                0x0000000008005af0       0x40 obj/SKYROVER/drv_timer.o
                0x0000000008005af0                findTimerConfig
 .text.timCCxHandler
                0x0000000008005b30       0x9e obj/SKYROVER/drv_timer.o
 *fill*         0x0000000008005bce        0x2 00
 .text.TIM1_CC_IRQHandler
                0x0000000008005bd0        0xc obj/SKYROVER/drv_timer.o
                0x0000000008005bd0                TIM1_CC_IRQHandler
 .text.TIM2_IRQHandler
                0x0000000008005bdc        0x8 obj/SKYROVER/drv_timer.o
                0x0000000008005bdc                TIM2_IRQHandler
 .text.TIM3_IRQHandler
                0x0000000008005be4        0xc obj/SKYROVER/drv_timer.o
                0x0000000008005be4                TIM3_IRQHandler
 .text.TIM4_IRQHandler
                0x0000000008005bf0        0xc obj/SKYROVER/drv_timer.o
                0x0000000008005bf0                TIM4_IRQHandler
 .text.N5110_Reset
                0x0000000008005bfc       0x28 obj/SKYROVER/drv_n5110.o
                0x0000000008005bfc                N5110_Reset
 .text.N5110_WriteCmd
                0x0000000008005c24       0x28 obj/SKYROVER/drv_n5110.o
                0x0000000008005c24                N5110_WriteCmd
 .text.N5110_WriteByte
                0x0000000008005c4c       0x28 obj/SKYROVER/drv_n5110.o
                0x0000000008005c4c                N5110_WriteByte
 .text.N5110_Goto
                0x0000000008005c74       0x1c obj/SKYROVER/drv_n5110.o
                0x0000000008005c74                N5110_Goto
 .text.N5110_WriteChar
                0x0000000008005c90       0x2c obj/SKYROVER/drv_n5110.o
                0x0000000008005c90                N5110_WriteChar
 .text.N5110_Putc
                0x0000000008005cbc        0x6 obj/SKYROVER/drv_n5110.o
 .text.N5110_Clear
                0x0000000008005cc2       0x18 obj/SKYROVER/drv_n5110.o
                0x0000000008005cc2                N5110_Clear
 *fill*         0x0000000008005cda        0x2 00
 .text.N5110_Init
                0x0000000008005cdc       0x8c obj/SKYROVER/drv_n5110.o
                0x0000000008005cdc                N5110_Init
 .text.N5110_Print
                0x0000000008005d68       0x34 obj/SKYROVER/drv_n5110.o
                0x0000000008005d68                N5110_Print
 .text.hexairbotReadRawRC
                0x0000000008005d9c        0xc obj/SKYROVER/hexairbot.o
 .text.hexairbotInit
                0x0000000008005da8       0x18 obj/SKYROVER/hexairbot.o
                0x0000000008005da8                hexairbotInit
 .text.hexairbotSetData
                0x0000000008005dc0       0x1c obj/SKYROVER/hexairbot.o
                0x0000000008005dc0                hexairbotSetData
 .text.hexairbotFrameComplete
                0x0000000008005ddc       0x14 obj/SKYROVER/hexairbot.o
                0x0000000008005ddc                hexairbotFrameComplete
 .text.Reset_Handler
                0x0000000008005df0       0xb0 obj/SKYROVER/startup_stm32f10x_md_gcc.o
                0x0000000008005df0                Reset_Handler
 .text.Default_Handler
                0x0000000008005ea0        0x4 obj/SKYROVER/startup_stm32f10x_md_gcc.o
                0x0000000008005ea0                BusFault_Handler
                0x0000000008005ea0                DebugMon_Handler
                0x0000000008005ea0                PVD_IRQHandler
                0x0000000008005ea0                NMI_Handler
                0x0000000008005ea0                EXTI3_IRQHandler
                0x0000000008005ea0                EXTI0_IRQHandler
                0x0000000008005ea0                UsageFault_Handler
                0x0000000008005ea0                ADC1_2_IRQHandler
                0x0000000008005ea0                SPI1_IRQHandler
                0x0000000008005ea0                TAMPER_IRQHandler
                0x0000000008005ea0                USART3_IRQHandler
                0x0000000008005ea0                RTC_IRQHandler
                0x0000000008005ea0                DMA1_Channel7_IRQHandler
                0x0000000008005ea0                CAN1_RX1_IRQHandler
                0x0000000008005ea0                DMA1_Channel6_IRQHandler
                0x0000000008005ea0                RCC_IRQHandler
                0x0000000008005ea0                TIM1_TRG_COM_IRQHandler
                0x0000000008005ea0                DMA1_Channel1_IRQHandler
                0x0000000008005ea0                Default_Handler
                0x0000000008005ea0                EXTI9_5_IRQHandler
                0x0000000008005ea0                SPI2_IRQHandler
                0x0000000008005ea0                MemManage_Handler
                0x0000000008005ea0                DMA1_Channel5_IRQHandler
                0x0000000008005ea0                EXTI4_IRQHandler
                0x0000000008005ea0                USB_HP_CAN1_TX_IRQHandler
                0x0000000008005ea0                DMA1_Channel3_IRQHandler
                0x0000000008005ea0                TIM1_UP_IRQHandler
                0x0000000008005ea0                WWDG_IRQHandler
                0x0000000008005ea0                TIM1_BRK_IRQHandler
                0x0000000008005ea0                EXTI1_IRQHandler
                0x0000000008005ea0                RTCAlarm_IRQHandler
                0x0000000008005ea0                DMA1_Channel2_IRQHandler
                0x0000000008005ea0                CAN1_SCE_IRQHandler
                0x0000000008005ea0                FLASH_IRQHandler
                0x0000000008005ea0                EXTI2_IRQHandler
 .text.beep     0x0000000008005ea4       0x70 obj/SKYROVER/buzzer.o
 .text.beep_code
                0x0000000008005f14       0xa8 obj/SKYROVER/buzzer.o
 .text.buzzer   0x0000000008005fbc      0x120 obj/SKYROVER/buzzer.o
                0x0000000008005fbc                buzzer
 .text.i2a      0x00000000080060dc       0x28 obj/SKYROVER/cli.o
 .text._atof    0x0000000008006104      0x12c obj/SKYROVER/cli.o
 .text.cliPrint
                0x0000000008006230       0x1c obj/SKYROVER/cli.o
 .text.cliVersion
                0x000000000800624c        0xc obj/SKYROVER/cli.o
 .text.cliHelp  0x0000000008006258       0x2c obj/SKYROVER/cli.o
 .text.cliStatus
                0x0000000008006284       0xe4 obj/SKYROVER/cli.o
 .text.cliCompare
                0x0000000008006368       0x1a obj/SKYROVER/cli.o
 *fill*         0x0000000008006382        0x2 00
 .text.cliSave  0x0000000008006384       0x30 obj/SKYROVER/cli.o
 .text.cliMap   0x00000000080063b4       0xa0 obj/SKYROVER/cli.o
 .text.cliGpsPassthrough
                0x0000000008006454       0x20 obj/SKYROVER/cli.o
 .text.cliFeature
                0x0000000008006474       0xec obj/SKYROVER/cli.o
 .text.cliExit  0x0000000008006560       0x38 obj/SKYROVER/cli.o
 .text.cliDefaults
                0x0000000008006598       0x2c obj/SKYROVER/cli.o
 .text.cliMixer
                0x00000000080065c4       0xa0 obj/SKYROVER/cli.o
 .text.cliProfile
                0x0000000008006664       0x4c obj/SKYROVER/cli.o
 .text.cliMotor
                0x00000000080066b0       0xa8 obj/SKYROVER/cli.o
 .text.cliAux   0x0000000008006758       0x60 obj/SKYROVER/cli.o
 .text.itoa     0x00000000080067b8       0x24 obj/SKYROVER/cli.o
                0x00000000080067b8                itoa
 .text.ftoa     0x00000000080067dc       0xd0 obj/SKYROVER/cli.o
 .text.cliPrintVar
                0x00000000080068ac       0x9c obj/SKYROVER/cli.o
 .text.cliSet   0x0000000008006948      0x154 obj/SKYROVER/cli.o
 .text.cliDump  0x0000000008006a9c      0x1b4 obj/SKYROVER/cli.o
 .text.cliCMix  0x0000000008006c50      0x244 obj/SKYROVER/cli.o
 .text.cliProcess
                0x0000000008006e94      0x1e0 obj/SKYROVER/cli.o
                0x0000000008006e94                cliProcess
 .text.validEEPROM
                0x0000000008007074       0x44 obj/SKYROVER/config.o
 .text.parseRcChannels
                0x00000000080070b8       0x30 obj/SKYROVER/config.o
                0x00000000080070b8                parseRcChannels
 .text.readEEPROM
                0x00000000080070e8      0x110 obj/SKYROVER/config.o
                0x00000000080070e8                readEEPROM
 .text.writeEEPROM
                0x00000000080071f8       0xc8 obj/SKYROVER/config.o
                0x00000000080071f8                writeEEPROM
 .text.sensors  0x00000000080072c0       0x14 obj/SKYROVER/config.o
                0x00000000080072c0                sensors
 .text.sensorsSet
                0x00000000080072d4       0x10 obj/SKYROVER/config.o
                0x00000000080072d4                sensorsSet
 .text.sensorsClear
                0x00000000080072e4       0x10 obj/SKYROVER/config.o
                0x00000000080072e4                sensorsClear
 .text.sensorsMask
                0x00000000080072f4        0xc obj/SKYROVER/config.o
                0x00000000080072f4                sensorsMask
 .text.feature  0x0000000008007300       0x14 obj/SKYROVER/config.o
                0x0000000008007300                feature
 .text.featureSet
                0x0000000008007314       0x10 obj/SKYROVER/config.o
                0x0000000008007314                featureSet
 .text.checkFirstTime
                0x0000000008007324      0x2f8 obj/SKYROVER/config.o
                0x0000000008007324                checkFirstTime
 .text.featureClear
                0x000000000800761c       0x10 obj/SKYROVER/config.o
                0x000000000800761c                featureClear
 .text.featureMask
                0x000000000800762c        0xc obj/SKYROVER/config.o
                0x000000000800762c                featureMask
 .text.GPS_calc_longitude_scaling
                0x0000000008007638       0x3c obj/SKYROVER/gps.o
 .text.gpsSetState
                0x0000000008007674       0x18 obj/SKYROVER/gps.o
 .text.GPS_distance_cm_bearing.isra.1
                0x000000000800768c       0x84 obj/SKYROVER/gps.o
 .text.get_I.isra.2
                0x0000000008007710       0x4e obj/SKYROVER/gps.o
 *fill*         0x000000000800775e        0x2 00
 .text.grab_fields.constprop.6
                0x0000000008007760       0x3c obj/SKYROVER/gps.o
 .text.gpsInitHardware
                0x000000000800779c       0xd4 obj/SKYROVER/gps.o
                0x000000000800779c                gpsInitHardware
 .text.gpsThread
                0x0000000008007870       0x78 obj/SKYROVER/gps.o
                0x0000000008007870                gpsThread
 .text.GPS_reset_home_position
                0x00000000080078e8       0x48 obj/SKYROVER/gps.o
                0x00000000080078e8                GPS_reset_home_position
 .text.GPS_reset_nav
                0x0000000008007930       0x5c obj/SKYROVER/gps.o
                0x0000000008007930                GPS_reset_nav
 .text.gpsSetPIDs
                0x000000000800798c       0xa4 obj/SKYROVER/gps.o
                0x000000000800798c                gpsSetPIDs
 .text.gpsInit  0x0000000008007a30       0x70 obj/SKYROVER/gps.o
                0x0000000008007a30                gpsInit
 .text.gpsSetPassthrough
                0x0000000008007aa0       0x88 obj/SKYROVER/gps.o
                0x0000000008007aa0                gpsSetPassthrough
 .text.GPS_set_next_wp
                0x0000000008007b28       0x88 obj/SKYROVER/gps.o
                0x0000000008007b28                GPS_set_next_wp
 .text.wrap_18000
                0x0000000008007bb0       0x24 obj/SKYROVER/gps.o
                0x0000000008007bb0                wrap_18000
 .text.GPS_coord_to_degrees
                0x0000000008007bd4       0xa0 obj/SKYROVER/gps.o
                0x0000000008007bd4                GPS_coord_to_degrees
 *fill*         0x0000000008007c74        0x4 00
 .text.gpsNewData
                0x0000000008007c78      0xc00 obj/SKYROVER/gps.o
 .text.calculateHeading
                0x0000000008008878       0xf8 obj/SKYROVER/imu.o
 .text.imuInit  0x0000000008008970       0x58 obj/SKYROVER/imu.o
                0x0000000008008970                imuInit
 .text.rotateV  0x00000000080089c8      0x16e obj/SKYROVER/imu.o
                0x00000000080089c8                rotateV
 .text.applyDeadband
                0x0000000008008b36       0x1e obj/SKYROVER/imu.o
                0x0000000008008b36                applyDeadband
 *fill*         0x0000000008008b54        0x4 00
 .text.acc_calc
                0x0000000008008b58      0x190 obj/SKYROVER/imu.o
                0x0000000008008b58                acc_calc
 .text.computeIMU
                0x0000000008008ce8      0x340 obj/SKYROVER/imu.o
                0x0000000008008ce8                computeIMU
 .text.accSum_reset
                0x0000000008009028       0x20 obj/SKYROVER/imu.o
                0x0000000008009028                accSum_reset
 .text.getEstimatedAltitude
                0x0000000008009048      0x37c obj/SKYROVER/imu.o
                0x0000000008009048                getEstimatedAltitude
 .text.Thread_Lcd
                0x00000000080093c4       0x9c obj/SKYROVER/main.o
 .text.Thread_Serial
                0x0000000008009460       0x6c obj/SKYROVER/main.o
 .text.Thread_Loop
                0x00000000080094cc       0x1c obj/SKYROVER/main.o
 .text._putc    0x00000000080094e8        0xc obj/SKYROVER/main.o
 .text.startup.main
                0x00000000080094f4      0x2f8 obj/SKYROVER/main.o
                0x00000000080094f4                main
 .text.HardFault_Handler
                0x00000000080097ec       0x14 obj/SKYROVER/main.o
                0x00000000080097ec                HardFault_Handler
 .text.servoMiddle
                0x0000000008009800       0x28 obj/SKYROVER/mixer.o
                0x0000000008009800                servoMiddle
 .text.mixerResetMotors
                0x0000000008009828       0x30 obj/SKYROVER/mixer.o
                0x0000000008009828                mixerResetMotors
 .text.mixerInit
                0x0000000008009858      0x114 obj/SKYROVER/mixer.o
                0x0000000008009858                mixerInit
 .text.mixerLoadMix
                0x000000000800996c       0x4c obj/SKYROVER/mixer.o
                0x000000000800996c                mixerLoadMix
 .text.writeServos
                0x00000000080099b8       0xc0 obj/SKYROVER/mixer.o
                0x00000000080099b8                writeServos
 .text.writeMotors
                0x0000000008009a78       0x28 obj/SKYROVER/mixer.o
                0x0000000008009a78                writeMotors
 .text.writeAllMotors
                0x0000000008009aa0       0x24 obj/SKYROVER/mixer.o
                0x0000000008009aa0                writeAllMotors
 .text.mixTable
                0x0000000008009ac4      0x644 obj/SKYROVER/mixer.o
                0x0000000008009ac4                mixTable
 .text.pidMultiWii
                0x000000000800a108      0x230 obj/SKYROVER/mw.o
 .text.pidRewrite
                0x000000000800a338      0x164 obj/SKYROVER/mw.o
 .text.blinkLED
                0x000000000800a49c       0x4c obj/SKYROVER/mw.o
                0x000000000800a49c                blinkLED
 .text.annexCode
                0x000000000800a4e8      0x418 obj/SKYROVER/mw.o
                0x000000000800a4e8                annexCode
 .text.pwmReadRawRC
                0x000000000800a900       0x28 obj/SKYROVER/mw.o
                0x000000000800a900                pwmReadRawRC
 .text.computeRC
                0x000000000800a928       0xa0 obj/SKYROVER/mw.o
                0x000000000800a928                computeRC
 .text.mwArm    0x000000000800a9c8       0x40 obj/SKYROVER/mw.o
                0x000000000800a9c8                mwArm
 .text.mwDisarm
                0x000000000800aa08       0x10 obj/SKYROVER/mw.o
                0x000000000800aa08                mwDisarm
 .text.setPIDController
                0x000000000800aa18       0x1c obj/SKYROVER/mw.o
                0x000000000800aa18                setPIDController
 .text.loop     0x000000000800aa34      0xb00 obj/SKYROVER/mw.o
                0x000000000800aa34                loop
 .text.sensorsAutodetect
                0x000000000800b534      0x1d8 obj/SKYROVER/sensors.o
                0x000000000800b534                sensorsAutodetect
 .text.batteryAdcToVoltage
                0x000000000800b70c       0x3c obj/SKYROVER/sensors.o
                0x000000000800b70c                batteryAdcToVoltage
 .text.batteryInit
                0x000000000800b748       0x58 obj/SKYROVER/sensors.o
                0x000000000800b748                batteryInit
 .text.ACC_getADC
                0x000000000800b7a0      0x1cc obj/SKYROVER/sensors.o
                0x000000000800b7a0                ACC_getADC
 .text.Baro_Common
                0x000000000800b96c       0x44 obj/SKYROVER/sensors.o
                0x000000000800b96c                Baro_Common
 .text.Baro_update
                0x000000000800b9b0       0x70 obj/SKYROVER/sensors.o
                0x000000000800b9b0                Baro_update
 .text.Gyro_getADC
                0x000000000800ba20      0x198 obj/SKYROVER/sensors.o
                0x000000000800ba20                Gyro_getADC
 .text.Mag_init
                0x000000000800bbb8       0x20 obj/SKYROVER/sensors.o
                0x000000000800bbb8                Mag_init
 .text.Mag_getADC
                0x000000000800bbd8      0x120 obj/SKYROVER/sensors.o
                0x000000000800bbd8                Mag_getADC
 .text.serialize32
                0x000000000800bcf8       0x6c obj/SKYROVER/serial.o
                0x000000000800bcf8                serialize32
 .text.serialize16
                0x000000000800bd64       0x44 obj/SKYROVER/serial.o
                0x000000000800bd64                serialize16
 .text.serialize8
                0x000000000800bda8       0x20 obj/SKYROVER/serial.o
                0x000000000800bda8                serialize8
 .text.read8    0x000000000800bdc8       0x18 obj/SKYROVER/serial.o
                0x000000000800bdc8                read8
 .text.read16   0x000000000800bde0       0x14 obj/SKYROVER/serial.o
                0x000000000800bde0                read16
 .text.read32   0x000000000800bdf4       0x12 obj/SKYROVER/serial.o
                0x000000000800bdf4                read32
 *fill*         0x000000000800be06        0x2 00
 .text.headSerialResponse
                0x000000000800be08       0x40 obj/SKYROVER/serial.o
                0x000000000800be08                headSerialResponse
 .text.headSerialReply
                0x000000000800be48        0x8 obj/SKYROVER/serial.o
                0x000000000800be48                headSerialReply
 .text.headSerialError
                0x000000000800be50        0x8 obj/SKYROVER/serial.o
                0x000000000800be50                headSerialError
 .text.tailSerialReply
                0x000000000800be58        0xc obj/SKYROVER/serial.o
                0x000000000800be58                tailSerialReply
 .text.s_struct
                0x000000000800be64       0x24 obj/SKYROVER/serial.o
                0x000000000800be64                s_struct
 .text.serializeNames
                0x000000000800be88       0x12 obj/SKYROVER/serial.o
                0x000000000800be88                serializeNames
 *fill*         0x000000000800be9a        0x2 00
 .text.serializeBoxNamesReply
                0x000000000800be9c       0x68 obj/SKYROVER/serial.o
                0x000000000800be9c                serializeBoxNamesReply
 .text.serialInit
                0x000000000800bf04      0x10c obj/SKYROVER/serial.o
                0x000000000800bf04                serialInit
 .text.serialCom
                0x000000000800c010      0xbac obj/SKYROVER/serial.o
                0x000000000800c010                serialCom
 .text.sbusReadRawRC
                0x000000000800cbbc       0x20 obj/SKYROVER/sbus.o
 .text.sbusDataReceive
                0x000000000800cbdc       0x5c obj/SKYROVER/sbus.o
 .text.sbusInit
                0x000000000800cc38       0x5c obj/SKYROVER/sbus.o
                0x000000000800cc38                sbusInit
 .text.sbusFrameComplete
                0x000000000800cc94       0xb0 obj/SKYROVER/sbus.o
                0x000000000800cc94                sbusFrameComplete
 .text.sumdReadRawRC
                0x000000000800cd44       0x1c obj/SKYROVER/sumd.o
 .text.sumdDataReceive
                0x000000000800cd60       0x74 obj/SKYROVER/sumd.o
 .text.sumdInit
                0x000000000800cdd4       0x30 obj/SKYROVER/sumd.o
                0x000000000800cdd4                sumdInit
 .text.sumdFrameComplete
                0x000000000800ce04       0x68 obj/SKYROVER/sumd.o
                0x000000000800ce04                sumdFrameComplete
 .text.spektrumDataReceive
                0x000000000800ce6c       0x68 obj/SKYROVER/spektrum.o
 .text.spektrumReadRawRC
                0x000000000800ced4       0x90 obj/SKYROVER/spektrum.o
 .text.spektrumInit
                0x000000000800cf64       0x68 obj/SKYROVER/spektrum.o
                0x000000000800cf64                spektrumInit
 .text.spektrumFrameComplete
                0x000000000800cfcc        0xc obj/SKYROVER/spektrum.o
                0x000000000800cfcc                spektrumFrameComplete
 .text.sendDataHead
                0x000000000800cfd8       0x20 obj/SKYROVER/telemetry.o
 .text.sendTelemetryTail
                0x000000000800cff8       0x10 obj/SKYROVER/telemetry.o
 .text.serializeFrsky
                0x000000000800d008       0x30 obj/SKYROVER/telemetry.o
 .text.serialize16
                0x000000000800d038       0x16 obj/SKYROVER/telemetry.o
 *fill*         0x000000000800d04e        0x2 00
 .text.initTelemetry
                0x000000000800d050       0x30 obj/SKYROVER/telemetry.o
                0x000000000800d050                initTelemetry
 .text.updateTelemetryState
                0x000000000800d080       0x5c obj/SKYROVER/telemetry.o
                0x000000000800d080                updateTelemetryState
 .text.sendTelemetry
                0x000000000800d0dc      0x30c obj/SKYROVER/telemetry.o
                0x000000000800d0dc                sendTelemetry
 .text.gpioInit
                0x000000000800d3e8       0x76 obj/SKYROVER/drv_gpio.o
                0x000000000800d3e8                gpioInit
 *fill*         0x000000000800d45e        0x2 00
 .text.gpioExtiLineConfig
                0x000000000800d460       0x34 obj/SKYROVER/drv_gpio.o
                0x000000000800d460                gpioExtiLineConfig
 .text.i2c_ev_handler
                0x000000000800d494      0x31c obj/SKYROVER/drv_i2c.o
 .text.I2C1_EV_IRQHandler
                0x000000000800d7b0        0x4 obj/SKYROVER/drv_i2c.o
                0x000000000800d7b0                I2C1_EV_IRQHandler
 .text.I2C2_EV_IRQHandler
                0x000000000800d7b4        0x4 obj/SKYROVER/drv_i2c.o
                0x000000000800d7b4                I2C2_EV_IRQHandler
 .text.i2cInit  0x000000000800d7b8      0x130 obj/SKYROVER/drv_i2c.o
                0x000000000800d7b8                i2cInit
 .text.i2cRead  0x000000000800d8e8       0xc4 obj/SKYROVER/drv_i2c.o
                0x000000000800d8e8                i2cRead
 .text.i2cWriteBuffer
                0x000000000800d9ac       0xc4 obj/SKYROVER/drv_i2c.o
                0x000000000800d9ac                i2cWriteBuffer
 .text.i2cWrite
                0x000000000800da70       0x10 obj/SKYROVER/drv_i2c.o
                0x000000000800da70                i2cWrite
 .text.i2c_er_handler
                0x000000000800da80       0xac obj/SKYROVER/drv_i2c.o
 .text.I2C2_ER_IRQHandler
                0x000000000800db2c        0x4 obj/SKYROVER/drv_i2c.o
                0x000000000800db2c                I2C2_ER_IRQHandler
 .text.I2C1_ER_IRQHandler
                0x000000000800db30        0x4 obj/SKYROVER/drv_i2c.o
                0x000000000800db30                I2C1_ER_IRQHandler
 .text.i2cGetErrorCounter
                0x000000000800db34        0xc obj/SKYROVER/drv_i2c.o
                0x000000000800db34                i2cGetErrorCounter
 .text.SysTick_Handler
                0x000000000800db40       0x1c obj/SKYROVER/drv_system.o
                0x000000000800db40                SysTick_Handler
 .text.micros   0x000000000800db5c       0x34 obj/SKYROVER/drv_system.o
                0x000000000800db5c                micros
 .text.millis   0x000000000800db90        0xc obj/SKYROVER/drv_system.o
                0x000000000800db90                millis
 .text.delayMicroseconds
                0x000000000800db9c       0x16 obj/SKYROVER/drv_system.o
                0x000000000800db9c                delayMicroseconds
 .text.delay    0x000000000800dbb2       0x14 obj/SKYROVER/drv_system.o
                0x000000000800dbb2                delay
 *fill*         0x000000000800dbc6        0x2 00
 .text.systemInit
                0x000000000800dbc8      0x138 obj/SKYROVER/drv_system.o
                0x000000000800dbc8                systemInit
 .text.failureMode
                0x000000000800dd00       0x44 obj/SKYROVER/drv_system.o
                0x000000000800dd00                failureMode
 .text.systemReset
                0x000000000800dd44       0x20 obj/SKYROVER/drv_system.o
                0x000000000800dd44                systemReset
 .text.systemBeep
                0x000000000800dd64        0x2 obj/SKYROVER/drv_system.o
                0x000000000800dd64                systemBeep
 .text.serialWrite
                0x000000000800dd66        0xa obj/SKYROVER/drv_serial.o
                0x000000000800dd66                serialWrite
 .text.serialPrint
                0x000000000800dd70       0x16 obj/SKYROVER/drv_serial.o
                0x000000000800dd70                serialPrint
 .text.serialTotalBytesWaiting
                0x000000000800dd86        0xa obj/SKYROVER/drv_serial.o
                0x000000000800dd86                serialTotalBytesWaiting
 .text.serialRead
                0x000000000800dd90        0xa obj/SKYROVER/drv_serial.o
                0x000000000800dd90                serialRead
 .text.serialSetBaudRate
                0x000000000800dd9a        0xa obj/SKYROVER/drv_serial.o
                0x000000000800dd9a                serialSetBaudRate
 .text.isSerialTransmitBufferEmpty
                0x000000000800dda4        0xa obj/SKYROVER/drv_serial.o
                0x000000000800dda4                isSerialTransmitBufferEmpty
 .text.softSerialTotalBytesWaiting
                0x000000000800ddae       0x18 obj/SKYROVER/drv_softserial.o
                0x000000000800ddae                softSerialTotalBytesWaiting
 .text.softSerialWriteByte
                0x000000000800ddc6       0x18 obj/SKYROVER/drv_softserial.o
                0x000000000800ddc6                softSerialWriteByte
 .text.softSerialSetBaudRate
                0x000000000800ddde        0x2 obj/SKYROVER/drv_softserial.o
                0x000000000800ddde                softSerialSetBaudRate
 .text.isSoftSerialTransmitBufferEmpty
                0x000000000800dde0        0xe obj/SKYROVER/drv_softserial.o
                0x000000000800dde0                isSoftSerialTransmitBufferEmpty
 .text.softSerialReadByte
                0x000000000800ddee       0x22 obj/SKYROVER/drv_softserial.o
                0x000000000800ddee                softSerialReadByte
 .text.readRxSignal
                0x000000000800de10       0x20 obj/SKYROVER/drv_softserial.o
                0x000000000800de10                readRxSignal
 .text.setTxSignal
                0x000000000800de30       0x2e obj/SKYROVER/drv_softserial.o
                0x000000000800de30                setTxSignal
 .text.serialInputPortConfig
                0x000000000800de5e       0x20 obj/SKYROVER/drv_softserial.o
                0x000000000800de5e                serialInputPortConfig
 *fill*         0x000000000800de7e        0x2 00
 .text.serialTimerConfig
                0x000000000800de80       0x2c obj/SKYROVER/drv_softserial.o
                0x000000000800de80                serialTimerConfig
 .text.serialOutputPortConfig
                0x000000000800deac       0x20 obj/SKYROVER/drv_softserial.o
                0x000000000800deac                serialOutputPortConfig
 .text.setupSoftSerial1
                0x000000000800decc       0x8c obj/SKYROVER/drv_softserial.o
                0x000000000800decc                setupSoftSerial1
 .text.updateBufferIndex
                0x000000000800df58       0x14 obj/SKYROVER/drv_softserial.o
                0x000000000800df58                updateBufferIndex
 .text.searchForStartBit
                0x000000000800df6c       0x30 obj/SKYROVER/drv_softserial.o
                0x000000000800df6c                searchForStartBit
 .text.searchForStopBit
                0x000000000800df9c       0x38 obj/SKYROVER/drv_softserial.o
                0x000000000800df9c                searchForStopBit
 .text.readDataBit
                0x000000000800dfd4       0x46 obj/SKYROVER/drv_softserial.o
                0x000000000800dfd4                readDataBit
 .text.processRxState
                0x000000000800e01a       0x2a obj/SKYROVER/drv_softserial.o
                0x000000000800e01a                processRxState
 .text.processTxState
                0x000000000800e044       0x74 obj/SKYROVER/drv_softserial.o
                0x000000000800e044                processTxState
 .text.onSerialTimer
                0x000000000800e0b8       0x20 obj/SKYROVER/drv_softserial.o
                0x000000000800e0b8                onSerialTimer
 .text.uartTotalBytesWaiting
                0x000000000800e0d8       0x16 obj/SKYROVER/drv_uart.o
                0x000000000800e0d8                uartTotalBytesWaiting
 .text.isUartTransmitBufferEmpty
                0x000000000800e0ee       0x18 obj/SKYROVER/drv_uart.o
                0x000000000800e0ee                isUartTransmitBufferEmpty
 .text.uartStartTxDMA
                0x000000000800e106       0x30 obj/SKYROVER/drv_uart.o
 .text.uartSetBaudRate
                0x000000000800e136       0x4a obj/SKYROVER/drv_uart.o
                0x000000000800e136                uartSetBaudRate
 .text.uartRead
                0x000000000800e180       0x30 obj/SKYROVER/drv_uart.o
                0x000000000800e180                uartRead
 .text.uartWrite
                0x000000000800e1b0       0x3c obj/SKYROVER/drv_uart.o
                0x000000000800e1b0                uartWrite
 .text.serialUSART1
                0x000000000800e1ec       0xa0 obj/SKYROVER/drv_uart.o
                0x000000000800e1ec                serialUSART1
 .text.serialUSART2
                0x000000000800e28c       0x98 obj/SKYROVER/drv_uart.o
                0x000000000800e28c                serialUSART2
 .text.uartOpen
                0x000000000800e324      0x170 obj/SKYROVER/drv_uart.o
                0x000000000800e324                uartOpen
 .text.DMA1_Channel4_IRQHandler
                0x000000000800e494       0x34 obj/SKYROVER/drv_uart.o
                0x000000000800e494                DMA1_Channel4_IRQHandler
 .text.USART1_IRQHandler
                0x000000000800e4c8       0x3c obj/SKYROVER/drv_uart.o
                0x000000000800e4c8                USART1_IRQHandler
 .text.USART2_IRQHandler
                0x000000000800e504       0x78 obj/SKYROVER/drv_uart.o
                0x000000000800e504                USART2_IRQHandler
 .text.Hw_VCom_Init
                0x000000000800e57c       0x24 obj/SKYROVER/drv_vcom.o
                0x000000000800e57c                Hw_VCom_Init
 .text.Hw_VCom_Putch
                0x000000000800e5a0       0x14 obj/SKYROVER/drv_vcom.o
                0x000000000800e5a0                Hw_VCom_Putch
 .text.usb_putc
                0x000000000800e5b4        0x6 obj/SKYROVER/drv_vcom.o
 *fill*         0x000000000800e5ba        0x2 00
 .text.Hw_VCom_Printf
                0x000000000800e5bc       0x20 obj/SKYROVER/drv_vcom.o
                0x000000000800e5bc                Hw_VCom_Printf
 .text.Hw_VCom_Q_Init
                0x000000000800e5dc       0x14 obj/SKYROVER/drv_vcom_q.o
                0x000000000800e5dc                Hw_VCom_Q_Init
 .text.HW_VCOM_Q_SIZE
                0x000000000800e5f0       0x34 obj/SKYROVER/drv_vcom_q.o
                0x000000000800e5f0                HW_VCOM_Q_SIZE
 .text.Hw_VCom_Q_Push
                0x000000000800e624       0x58 obj/SKYROVER/drv_vcom_q.o
                0x000000000800e624                Hw_VCom_Q_Push
 .text.uli2a    0x000000000800e67c       0x4a obj/SKYROVER/printf.o
 .text.ui2a     0x000000000800e6c6       0x4a obj/SKYROVER/printf.o
 .text.putchw   0x000000000800e710       0x48 obj/SKYROVER/printf.o
 .text.tfp_format
                0x000000000800e758      0x16c obj/SKYROVER/printf.o
                0x000000000800e758                tfp_format
 .text.init_printf
                0x000000000800e8c4       0x14 obj/SKYROVER/printf.o
                0x000000000800e8c4                init_printf
 .text.tfp_printf
                0x000000000800e8d8       0x38 obj/SKYROVER/printf.o
                0x000000000800e8d8                tfp_printf
 .text.constrain
                0x000000000800e910       0x10 obj/SKYROVER/utils.o
                0x000000000800e910                constrain
 .text.initBoardAlignment
                0x000000000800e920      0x170 obj/SKYROVER/utils.o
                0x000000000800e920                initBoardAlignment
 .text.alignBoard
                0x000000000800ea90       0xc4 obj/SKYROVER/utils.o
                0x000000000800ea90                alignBoard
 .text.alignSensors
                0x000000000800eb54       0x7c obj/SKYROVER/utils.o
                0x000000000800eb54                alignSensors
 .text.SystemInit
                0x000000000800ebd0       0x4c obj/SKYROVER/system_stm32f10x.o
                0x000000000800ebd0                SystemInit
 .text.SystemCoreClockUpdate
                0x000000000800ec1c       0x74 obj/SKYROVER/system_stm32f10x.o
                0x000000000800ec1c                SystemCoreClockUpdate
 .text.SetSysClock
                0x000000000800ec90      0x15c obj/SKYROVER/system_stm32f10x.o
                0x000000000800ec90                SetSysClock
 .text.NVIC_PriorityGroupConfig
                0x000000000800edec       0x14 obj/SKYROVER/misc.o
                0x000000000800edec                NVIC_PriorityGroupConfig
 .text.NVIC_Init
                0x000000000800ee00       0x68 obj/SKYROVER/misc.o
                0x000000000800ee00                NVIC_Init
 .text.ADC_Init
                0x000000000800ee68       0x48 obj/SKYROVER/stm32f10x_adc.o
                0x000000000800ee68                ADC_Init
 .text.ADC_Cmd  0x000000000800eeb0       0x12 obj/SKYROVER/stm32f10x_adc.o
                0x000000000800eeb0                ADC_Cmd
 .text.ADC_DMACmd
                0x000000000800eec2       0x12 obj/SKYROVER/stm32f10x_adc.o
                0x000000000800eec2                ADC_DMACmd
 .text.ADC_ResetCalibration
                0x000000000800eed4        0xa obj/SKYROVER/stm32f10x_adc.o
                0x000000000800eed4                ADC_ResetCalibration
 .text.ADC_GetResetCalibrationStatus
                0x000000000800eede        0x8 obj/SKYROVER/stm32f10x_adc.o
                0x000000000800eede                ADC_GetResetCalibrationStatus
 .text.ADC_StartCalibration
                0x000000000800eee6        0xa obj/SKYROVER/stm32f10x_adc.o
                0x000000000800eee6                ADC_StartCalibration
 .text.ADC_GetCalibrationStatus
                0x000000000800eef0        0x8 obj/SKYROVER/stm32f10x_adc.o
                0x000000000800eef0                ADC_GetCalibrationStatus
 .text.ADC_SoftwareStartConvCmd
                0x000000000800eef8       0x12 obj/SKYROVER/stm32f10x_adc.o
                0x000000000800eef8                ADC_SoftwareStartConvCmd
 .text.ADC_RegularChannelConfig
                0x000000000800ef0a       0x9a obj/SKYROVER/stm32f10x_adc.o
                0x000000000800ef0a                ADC_RegularChannelConfig
 .text.DMA_DeInit
                0x000000000800efa4       0xf0 obj/SKYROVER/stm32f10x_dma.o
                0x000000000800efa4                DMA_DeInit
 .text.DMA_Init
                0x000000000800f094       0x40 obj/SKYROVER/stm32f10x_dma.o
                0x000000000800f094                DMA_Init
 .text.DMA_StructInit
                0x000000000800f0d4       0x1a obj/SKYROVER/stm32f10x_dma.o
                0x000000000800f0d4                DMA_StructInit
 .text.DMA_Cmd  0x000000000800f0ee       0x16 obj/SKYROVER/stm32f10x_dma.o
                0x000000000800f0ee                DMA_Cmd
 .text.DMA_ITConfig
                0x000000000800f104       0x10 obj/SKYROVER/stm32f10x_dma.o
                0x000000000800f104                DMA_ITConfig
 .text.DMA_SetCurrDataCounter
                0x000000000800f114        0x4 obj/SKYROVER/stm32f10x_dma.o
                0x000000000800f114                DMA_SetCurrDataCounter
 .text.DMA_GetCurrDataCounter
                0x000000000800f118        0x6 obj/SKYROVER/stm32f10x_dma.o
                0x000000000800f118                DMA_GetCurrDataCounter
 *fill*         0x000000000800f11e        0x2 00
 .text.DMA_ClearITPendingBit
                0x000000000800f120       0x14 obj/SKYROVER/stm32f10x_dma.o
                0x000000000800f120                DMA_ClearITPendingBit
 .text.EXTI_Init
                0x000000000800f134       0x78 obj/SKYROVER/stm32f10x_exti.o
                0x000000000800f134                EXTI_Init
 .text.EXTI_GetITStatus
                0x000000000800f1ac       0x20 obj/SKYROVER/stm32f10x_exti.o
                0x000000000800f1ac                EXTI_GetITStatus
 .text.EXTI_ClearITPendingBit
                0x000000000800f1cc        0xc obj/SKYROVER/stm32f10x_exti.o
                0x000000000800f1cc                EXTI_ClearITPendingBit
 .text.FLASH_Unlock
                0x000000000800f1d8       0x18 obj/SKYROVER/stm32f10x_flash.o
                0x000000000800f1d8                FLASH_Unlock
 .text.FLASH_Lock
                0x000000000800f1f0       0x10 obj/SKYROVER/stm32f10x_flash.o
                0x000000000800f1f0                FLASH_Lock
 .text.FLASH_ClearFlag
                0x000000000800f200        0xc obj/SKYROVER/stm32f10x_flash.o
                0x000000000800f200                FLASH_ClearFlag
 .text.FLASH_GetBank1Status
                0x000000000800f20c       0x28 obj/SKYROVER/stm32f10x_flash.o
                0x000000000800f20c                FLASH_GetBank1Status
 .text.FLASH_WaitForLastOperation
                0x000000000800f234       0x22 obj/SKYROVER/stm32f10x_flash.o
                0x000000000800f234                FLASH_WaitForLastOperation
 *fill*         0x000000000800f256        0x2 00
 .text.FLASH_ProgramWord
                0x000000000800f258       0x54 obj/SKYROVER/stm32f10x_flash.o
                0x000000000800f258                FLASH_ProgramWord
 .text.FLASH_ErasePage
                0x000000000800f2ac       0x3c obj/SKYROVER/stm32f10x_flash.o
                0x000000000800f2ac                FLASH_ErasePage
 .text.GPIO_Init
                0x000000000800f2e8       0xa0 obj/SKYROVER/stm32f10x_gpio.o
                0x000000000800f2e8                GPIO_Init
 .text.GPIO_SetBits
                0x000000000800f388        0x4 obj/SKYROVER/stm32f10x_gpio.o
                0x000000000800f388                GPIO_SetBits
 .text.GPIO_ResetBits
                0x000000000800f38c        0x4 obj/SKYROVER/stm32f10x_gpio.o
                0x000000000800f38c                GPIO_ResetBits
 .text.I2C_DeInit
                0x000000000800f390       0x34 obj/SKYROVER/stm32f10x_i2c.o
                0x000000000800f390                I2C_DeInit
 .text.I2C_Init
                0x000000000800f3c4       0xd4 obj/SKYROVER/stm32f10x_i2c.o
                0x000000000800f3c4                I2C_Init
 .text.I2C_StructInit
                0x000000000800f498       0x1c obj/SKYROVER/stm32f10x_i2c.o
                0x000000000800f498                I2C_StructInit
 .text.I2C_Cmd  0x000000000800f4b4       0x18 obj/SKYROVER/stm32f10x_i2c.o
                0x000000000800f4b4                I2C_Cmd
 .text.I2C_GenerateSTART
                0x000000000800f4cc       0x18 obj/SKYROVER/stm32f10x_i2c.o
                0x000000000800f4cc                I2C_GenerateSTART
 .text.I2C_GenerateSTOP
                0x000000000800f4e4       0x18 obj/SKYROVER/stm32f10x_i2c.o
                0x000000000800f4e4                I2C_GenerateSTOP
 .text.I2C_AcknowledgeConfig
                0x000000000800f4fc       0x18 obj/SKYROVER/stm32f10x_i2c.o
                0x000000000800f4fc                I2C_AcknowledgeConfig
 .text.I2C_ITConfig
                0x000000000800f514       0x12 obj/SKYROVER/stm32f10x_i2c.o
                0x000000000800f514                I2C_ITConfig
 .text.I2C_SendData
                0x000000000800f526        0x4 obj/SKYROVER/stm32f10x_i2c.o
                0x000000000800f526                I2C_SendData
 .text.I2C_ReceiveData
                0x000000000800f52a        0x6 obj/SKYROVER/stm32f10x_i2c.o
                0x000000000800f52a                I2C_ReceiveData
 .text.I2C_Send7bitAddress
                0x000000000800f530       0x10 obj/SKYROVER/stm32f10x_i2c.o
                0x000000000800f530                I2C_Send7bitAddress
 .text.RCC_USBCLKConfig
                0x000000000800f540        0xc obj/SKYROVER/stm32f10x_rcc.o
                0x000000000800f540                RCC_USBCLKConfig
 .text.RCC_GetClocksFreq
                0x000000000800f54c       0x9c obj/SKYROVER/stm32f10x_rcc.o
                0x000000000800f54c                RCC_GetClocksFreq
 .text.RCC_AHBPeriphClockCmd
                0x000000000800f5e8       0x18 obj/SKYROVER/stm32f10x_rcc.o
                0x000000000800f5e8                RCC_AHBPeriphClockCmd
 .text.RCC_APB2PeriphClockCmd
                0x000000000800f600       0x18 obj/SKYROVER/stm32f10x_rcc.o
                0x000000000800f600                RCC_APB2PeriphClockCmd
 .text.RCC_APB1PeriphClockCmd
                0x000000000800f618       0x18 obj/SKYROVER/stm32f10x_rcc.o
                0x000000000800f618                RCC_APB1PeriphClockCmd
 .text.RCC_APB2PeriphResetCmd
                0x000000000800f630       0x18 obj/SKYROVER/stm32f10x_rcc.o
                0x000000000800f630                RCC_APB2PeriphResetCmd
 .text.RCC_APB1PeriphResetCmd
                0x000000000800f648       0x18 obj/SKYROVER/stm32f10x_rcc.o
                0x000000000800f648                RCC_APB1PeriphResetCmd
 .text.RCC_ClearFlag
                0x000000000800f660       0x10 obj/SKYROVER/stm32f10x_rcc.o
                0x000000000800f660                RCC_ClearFlag
 .text.SPI_I2S_DeInit
                0x000000000800f670       0x64 obj/SKYROVER/stm32f10x_spi.o
                0x000000000800f670                SPI_I2S_DeInit
 .text.SPI_Init
                0x000000000800f6d4       0x3e obj/SKYROVER/stm32f10x_spi.o
                0x000000000800f6d4                SPI_Init
 .text.SPI_Cmd  0x000000000800f712       0x18 obj/SKYROVER/stm32f10x_spi.o
                0x000000000800f712                SPI_Cmd
 .text.SPI_I2S_SendData
                0x000000000800f72a        0x4 obj/SKYROVER/stm32f10x_spi.o
                0x000000000800f72a                SPI_I2S_SendData
 .text.SPI_I2S_ReceiveData
                0x000000000800f72e        0x6 obj/SKYROVER/stm32f10x_spi.o
                0x000000000800f72e                SPI_I2S_ReceiveData
 .text.SPI_I2S_GetFlagStatus
                0x000000000800f734        0xc obj/SKYROVER/stm32f10x_spi.o
                0x000000000800f734                SPI_I2S_GetFlagStatus
 .text.TI1_Config
                0x000000000800f740       0x68 obj/SKYROVER/stm32f10x_tim.o
 .text.TI2_Config
                0x000000000800f7a8       0x78 obj/SKYROVER/stm32f10x_tim.o
 .text.TIM_TimeBaseInit
                0x000000000800f820       0x94 obj/SKYROVER/stm32f10x_tim.o
                0x000000000800f820                TIM_TimeBaseInit
 .text.TIM_OC1Init
                0x000000000800f8b4       0x88 obj/SKYROVER/stm32f10x_tim.o
                0x000000000800f8b4                TIM_OC1Init
 .text.TIM_OC2Init
                0x000000000800f93c       0x88 obj/SKYROVER/stm32f10x_tim.o
                0x000000000800f93c                TIM_OC2Init
 .text.TIM_OC3Init
                0x000000000800f9c4       0x84 obj/SKYROVER/stm32f10x_tim.o
                0x000000000800f9c4                TIM_OC3Init
 .text.TIM_OC4Init
                0x000000000800fa48       0x68 obj/SKYROVER/stm32f10x_tim.o
                0x000000000800fa48                TIM_OC4Init
 .text.TIM_TimeBaseStructInit
                0x000000000800fab0       0x12 obj/SKYROVER/stm32f10x_tim.o
                0x000000000800fab0                TIM_TimeBaseStructInit
 .text.TIM_OCStructInit
                0x000000000800fac2       0x14 obj/SKYROVER/stm32f10x_tim.o
                0x000000000800fac2                TIM_OCStructInit
 .text.TIM_ICStructInit
                0x000000000800fad6       0x10 obj/SKYROVER/stm32f10x_tim.o
                0x000000000800fad6                TIM_ICStructInit
 .text.TIM_Cmd  0x000000000800fae6       0x18 obj/SKYROVER/stm32f10x_tim.o
                0x000000000800fae6                TIM_Cmd
 .text.TIM_CtrlPWMOutputs
                0x000000000800fafe       0x1c obj/SKYROVER/stm32f10x_tim.o
                0x000000000800fafe                TIM_CtrlPWMOutputs
 .text.TIM_ITConfig
                0x000000000800fb1a       0x12 obj/SKYROVER/stm32f10x_tim.o
                0x000000000800fb1a                TIM_ITConfig
 .text.TIM_OC1PreloadConfig
                0x000000000800fb2c       0x10 obj/SKYROVER/stm32f10x_tim.o
                0x000000000800fb2c                TIM_OC1PreloadConfig
 .text.TIM_OC2PreloadConfig
                0x000000000800fb3c       0x14 obj/SKYROVER/stm32f10x_tim.o
                0x000000000800fb3c                TIM_OC2PreloadConfig
 .text.TIM_OC3PreloadConfig
                0x000000000800fb50       0x10 obj/SKYROVER/stm32f10x_tim.o
                0x000000000800fb50                TIM_OC3PreloadConfig
 .text.TIM_OC4PreloadConfig
                0x000000000800fb60       0x14 obj/SKYROVER/stm32f10x_tim.o
                0x000000000800fb60                TIM_OC4PreloadConfig
 .text.TIM_SetIC1Prescaler
                0x000000000800fb74       0x16 obj/SKYROVER/stm32f10x_tim.o
                0x000000000800fb74                TIM_SetIC1Prescaler
 .text.TIM_SetIC2Prescaler
                0x000000000800fb8a       0x1a obj/SKYROVER/stm32f10x_tim.o
                0x000000000800fb8a                TIM_SetIC2Prescaler
 .text.TIM_SetIC3Prescaler
                0x000000000800fba4       0x16 obj/SKYROVER/stm32f10x_tim.o
                0x000000000800fba4                TIM_SetIC3Prescaler
 .text.TIM_SetIC4Prescaler
                0x000000000800fbba       0x1a obj/SKYROVER/stm32f10x_tim.o
                0x000000000800fbba                TIM_SetIC4Prescaler
 .text.TIM_ICInit
                0x000000000800fbd4      0x138 obj/SKYROVER/stm32f10x_tim.o
                0x000000000800fbd4                TIM_ICInit
 .text.TIM_GetCapture1
                0x000000000800fd0c        0x6 obj/SKYROVER/stm32f10x_tim.o
                0x000000000800fd0c                TIM_GetCapture1
 .text.TIM_GetCapture2
                0x000000000800fd12        0x6 obj/SKYROVER/stm32f10x_tim.o
                0x000000000800fd12                TIM_GetCapture2
 .text.TIM_GetCapture3
                0x000000000800fd18        0x6 obj/SKYROVER/stm32f10x_tim.o
                0x000000000800fd18                TIM_GetCapture3
 .text.TIM_GetCapture4
                0x000000000800fd1e        0x8 obj/SKYROVER/stm32f10x_tim.o
                0x000000000800fd1e                TIM_GetCapture4
 .text.TIM_GetITStatus
                0x000000000800fd26       0x16 obj/SKYROVER/stm32f10x_tim.o
                0x000000000800fd26                TIM_GetITStatus
 .text.TIM_ClearITPendingBit
                0x000000000800fd3c        0x8 obj/SKYROVER/stm32f10x_tim.o
                0x000000000800fd3c                TIM_ClearITPendingBit
 .text.USART_Init
                0x000000000800fd44       0xb0 obj/SKYROVER/stm32f10x_usart.o
                0x000000000800fd44                USART_Init
 .text.USART_Cmd
                0x000000000800fdf4       0x18 obj/SKYROVER/stm32f10x_usart.o
                0x000000000800fdf4                USART_Cmd
 .text.USART_ITConfig
                0x000000000800fe0c       0x34 obj/SKYROVER/stm32f10x_usart.o
                0x000000000800fe0c                USART_ITConfig
 .text.USART_DMACmd
                0x000000000800fe40       0x12 obj/SKYROVER/stm32f10x_usart.o
                0x000000000800fe40                USART_DMACmd
 .text.vListInitialise
                0x000000000800fe52       0x16 obj/SKYROVER/list.o
                0x000000000800fe52                vListInitialise
 .text.vListInitialiseItem
                0x000000000800fe68        0x6 obj/SKYROVER/list.o
                0x000000000800fe68                vListInitialiseItem
 .text.vListInsertEnd
                0x000000000800fe6e       0x18 obj/SKYROVER/list.o
                0x000000000800fe6e                vListInsertEnd
 .text.vListInsert
                0x000000000800fe86       0x30 obj/SKYROVER/list.o
                0x000000000800fe86                vListInsert
 .text.uxListRemove
                0x000000000800feb6       0x20 obj/SKYROVER/list.o
                0x000000000800feb6                uxListRemove
 .text.prvUnlockQueue
                0x000000000800fed6       0x64 obj/SKYROVER/queue.o
 .text.prvCopyDataFromQueue
                0x000000000800ff3a       0x26 obj/SKYROVER/queue.o
 .text.prvCopyDataToQueue
                0x000000000800ff60       0x66 obj/SKYROVER/queue.o
 .text.xQueueGenericReset
                0x000000000800ffc6       0x64 obj/SKYROVER/queue.o
                0x000000000800ffc6                xQueueGenericReset
 .text.xQueueGenericCreate
                0x000000000801002a       0x42 obj/SKYROVER/queue.o
                0x000000000801002a                xQueueGenericCreate
 .text.xQueueGenericSend
                0x000000000801006c      0x100 obj/SKYROVER/queue.o
                0x000000000801006c                xQueueGenericSend
 .text.xQueueGenericSendFromISR
                0x000000000801016c       0x84 obj/SKYROVER/queue.o
                0x000000000801016c                xQueueGenericSendFromISR
 .text.xQueueGenericReceive
                0x00000000080101f0      0x126 obj/SKYROVER/queue.o
                0x00000000080101f0                xQueueGenericReceive
 .text.vQueueWaitForMessageRestricted
                0x0000000008010316       0x3a obj/SKYROVER/queue.o
                0x0000000008010316                vQueueWaitForMessageRestricted
 .text.prvAddCurrentTaskToDelayedList
                0x0000000008010350       0x50 obj/SKYROVER/tasks.o
 .text.xTaskGenericCreate
                0x00000000080103a0      0x198 obj/SKYROVER/tasks.o
                0x00000000080103a0                xTaskGenericCreate
 .text.vTaskStartScheduler
                0x0000000008010538       0x5c obj/SKYROVER/tasks.o
                0x0000000008010538                vTaskStartScheduler
 .text.vTaskSuspendAll
                0x0000000008010594       0x10 obj/SKYROVER/tasks.o
                0x0000000008010594                vTaskSuspendAll
 .text.xTaskGetTickCount
                0x00000000080105a4       0x18 obj/SKYROVER/tasks.o
                0x00000000080105a4                xTaskGetTickCount
 .text.xTaskIncrementTick
                0x00000000080105bc      0x114 obj/SKYROVER/tasks.o
                0x00000000080105bc                xTaskIncrementTick
 .text.xTaskResumeAll
                0x00000000080106d0       0xc8 obj/SKYROVER/tasks.o
                0x00000000080106d0                xTaskResumeAll
 .text.prvIdleTask
                0x0000000008010798       0x64 obj/SKYROVER/tasks.o
 .text.vTaskDelay
                0x00000000080107fc       0x3c obj/SKYROVER/tasks.o
                0x00000000080107fc                vTaskDelay
 .text.vTaskSwitchContext
                0x0000000008010838       0x68 obj/SKYROVER/tasks.o
                0x0000000008010838                vTaskSwitchContext
 .text.vTaskPlaceOnEventList
                0x00000000080108a0       0x4c obj/SKYROVER/tasks.o
                0x00000000080108a0                vTaskPlaceOnEventList
 .text.vTaskPlaceOnEventListRestricted
                0x00000000080108ec       0x34 obj/SKYROVER/tasks.o
                0x00000000080108ec                vTaskPlaceOnEventListRestricted
 .text.xTaskRemoveFromEventList
                0x0000000008010920       0x74 obj/SKYROVER/tasks.o
                0x0000000008010920                xTaskRemoveFromEventList
 .text.vTaskSetTimeOutState
                0x0000000008010994       0x20 obj/SKYROVER/tasks.o
                0x0000000008010994                vTaskSetTimeOutState
 .text.xTaskCheckForTimeOut
                0x00000000080109b4       0x5c obj/SKYROVER/tasks.o
                0x00000000080109b4                xTaskCheckForTimeOut
 .text.vTaskMissedYield
                0x0000000008010a10        0xc obj/SKYROVER/tasks.o
                0x0000000008010a10                vTaskMissedYield
 .text.xTaskGetCurrentTaskHandle
                0x0000000008010a1c        0xc obj/SKYROVER/tasks.o
                0x0000000008010a1c                xTaskGetCurrentTaskHandle
 .text.xTaskGetSchedulerState
                0x0000000008010a28       0x1c obj/SKYROVER/tasks.o
                0x0000000008010a28                xTaskGetSchedulerState
 .text.vTaskPriorityInherit
                0x0000000008010a44       0x6c obj/SKYROVER/tasks.o
                0x0000000008010a44                vTaskPriorityInherit
 .text.vTaskPriorityDisinherit
                0x0000000008010ab0       0x48 obj/SKYROVER/tasks.o
                0x0000000008010ab0                vTaskPriorityDisinherit
 .text.prvCheckForValidListAndQueue
                0x0000000008010af8       0x4c obj/SKYROVER/timers.o
 .text.prvInsertTimerInActiveList
                0x0000000008010b44       0x3c obj/SKYROVER/timers.o
 .text.xTimerCreateTimerTask
                0x0000000008010b80       0x40 obj/SKYROVER/timers.o
                0x0000000008010b80                xTimerCreateTimerTask
 .text.xTimerGenericCommand
                0x0000000008010bc0       0x44 obj/SKYROVER/timers.o
                0x0000000008010bc0                xTimerGenericCommand
 .text.prvSwitchTimerLists.isra.1
                0x0000000008010c04       0x64 obj/SKYROVER/timers.o
 .text.prvTimerTask
                0x0000000008010c68      0x150 obj/SKYROVER/timers.o
 .text.osThreadCreate
                0x0000000008010db8       0x32 obj/SKYROVER/cmsis_os.o
                0x0000000008010db8                osThreadCreate
 .text.osKernelStart
                0x0000000008010dea       0x10 obj/SKYROVER/cmsis_os.o
                0x0000000008010dea                osKernelStart
 .text.osDelay  0x0000000008010dfa       0x10 obj/SKYROVER/cmsis_os.o
                0x0000000008010dfa                osDelay
 *fill*         0x0000000008010e0a        0x2 00
 .text.pvPortMalloc
                0x0000000008010e0c       0xb4 obj/SKYROVER/heap_2.o
                0x0000000008010e0c                pvPortMalloc
 .text.vPortFree
                0x0000000008010ec0       0x40 obj/SKYROVER/heap_2.o
                0x0000000008010ec0                vPortFree
 .text.prvPortStartFirstTask
                0x0000000008010f00       0x14 obj/SKYROVER/port.o
 .text.pxPortInitialiseStack
                0x0000000008010f14       0x1c obj/SKYROVER/port.o
                0x0000000008010f14                pxPortInitialiseStack
 .text.SVC_Handler
                0x0000000008010f30       0x20 obj/SKYROVER/port.o
                0x0000000008010f30                SVC_Handler
 .text.vPortYield
                0x0000000008010f50       0x18 obj/SKYROVER/port.o
                0x0000000008010f50                vPortYield
 .text.ulPortSetInterruptMask
                0x0000000008010f68       0x10 obj/SKYROVER/port.o
                0x0000000008010f68                ulPortSetInterruptMask
 .text.vPortEnterCritical
                0x0000000008010f78       0x1c obj/SKYROVER/port.o
                0x0000000008010f78                vPortEnterCritical
 .text.prvTaskExitError
                0x0000000008010f94       0x1c obj/SKYROVER/port.o
 .text.vPortClearInterruptMask
                0x0000000008010fb0        0x6 obj/SKYROVER/port.o
                0x0000000008010fb0                vPortClearInterruptMask
 *fill*         0x0000000008010fb6        0x2 00
 .text.vPortExitCritical
                0x0000000008010fb8       0x14 obj/SKYROVER/port.o
                0x0000000008010fb8                vPortExitCritical
 .text.PendSV_Handler
                0x0000000008010fcc       0x3c obj/SKYROVER/port.o
                0x0000000008010fcc                PendSV_Handler
 .text.xPortSysTickHandler
                0x0000000008011008       0x24 obj/SKYROVER/port.o
                0x0000000008011008                xPortSysTickHandler
 .text.vPortSetupTimerInterrupt
                0x000000000801102c       0x24 obj/SKYROVER/port.o
                0x000000000801102c                vPortSetupTimerInterrupt
 .text.xPortStartScheduler
                0x0000000008011050       0x8c obj/SKYROVER/port.o
                0x0000000008011050                xPortStartScheduler
 .text.vPortValidateInterruptPriority
                0x00000000080110dc       0x44 obj/SKYROVER/port.o
                0x00000000080110dc                vPortValidateInterruptPriority
 .text.Standard_GetConfiguration
                0x0000000008011120       0x24 obj/SKYROVER/usb_core.o
                0x0000000008011120                Standard_GetConfiguration
 .text.Standard_GetInterface
                0x0000000008011144       0x24 obj/SKYROVER/usb_core.o
                0x0000000008011144                Standard_GetInterface
 .text.Standard_GetStatus
                0x0000000008011168       0x9c obj/SKYROVER/usb_core.o
                0x0000000008011168                Standard_GetStatus
 .text.DataStageIn
                0x0000000008011204       0xa0 obj/SKYROVER/usb_core.o
 .text.Standard_SetConfiguration
                0x00000000080112a4       0x38 obj/SKYROVER/usb_core.o
                0x00000000080112a4                Standard_SetConfiguration
 .text.Standard_SetInterface
                0x00000000080112dc       0x48 obj/SKYROVER/usb_core.o
                0x00000000080112dc                Standard_SetInterface
 .text.Standard_ClearFeature
                0x0000000008011324       0xdc obj/SKYROVER/usb_core.o
                0x0000000008011324                Standard_ClearFeature
 .text.Standard_SetEndPointFeature
                0x0000000008011400       0x8c obj/SKYROVER/usb_core.o
                0x0000000008011400                Standard_SetEndPointFeature
 .text.Standard_SetDeviceFeature
                0x000000000801148c       0x24 obj/SKYROVER/usb_core.o
                0x000000000801148c                Standard_SetDeviceFeature
 .text.Standard_GetDescriptorData
                0x00000000080114b0       0x1c obj/SKYROVER/usb_core.o
                0x00000000080114b0                Standard_GetDescriptorData
 .text.Post0_Process
                0x00000000080114cc       0x40 obj/SKYROVER/usb_core.o
                0x00000000080114cc                Post0_Process
 .text.Out0_Process
                0x000000000801150c       0xd4 obj/SKYROVER/usb_core.o
                0x000000000801150c                Out0_Process
 .text.Setup0_Process
                0x00000000080115e0      0x2f4 obj/SKYROVER/usb_core.o
                0x00000000080115e0                Setup0_Process
 .text.SetDeviceAddress
                0x00000000080118d4       0x40 obj/SKYROVER/usb_core.o
                0x00000000080118d4                SetDeviceAddress
 .text.In0_Process
                0x0000000008011914       0x60 obj/SKYROVER/usb_core.o
                0x0000000008011914                In0_Process
 .text.NOP_Process
                0x0000000008011974        0x2 obj/SKYROVER/usb_core.o
                0x0000000008011974                NOP_Process
 *fill*         0x0000000008011976        0x2 00
 .text.USB_Init
                0x0000000008011978       0x38 obj/SKYROVER/usb_init.o
                0x0000000008011978                USB_Init
 .text.CTR_LP   0x00000000080119b0      0x18c obj/SKYROVER/usb_int.o
                0x00000000080119b0                CTR_LP
 .text.UserToPMABufferCopy
                0x0000000008011b3c       0x2e obj/SKYROVER/usb_mem.o
                0x0000000008011b3c                UserToPMABufferCopy
 .text.PMAToUserBufferCopy
                0x0000000008011b6a       0x24 obj/SKYROVER/usb_mem.o
                0x0000000008011b6a                PMAToUserBufferCopy
 *fill*         0x0000000008011b8e        0x2 00
 .text.SetBTABLE
                0x0000000008011b90       0x10 obj/SKYROVER/usb_regs.o
                0x0000000008011b90                SetBTABLE
 .text.SetEPType
                0x0000000008011ba0       0x18 obj/SKYROVER/usb_regs.o
                0x0000000008011ba0                SetEPType
 .text.SetEPTxStatus
                0x0000000008011bb8       0x3a obj/SKYROVER/usb_regs.o
                0x0000000008011bb8                SetEPTxStatus
 .text.SetEPRxStatus
                0x0000000008011bf2       0x3a obj/SKYROVER/usb_regs.o
                0x0000000008011bf2                SetEPRxStatus
 .text.SetEPTxValid
                0x0000000008011c2c       0x22 obj/SKYROVER/usb_regs.o
                0x0000000008011c2c                SetEPTxValid
 .text.SetEPRxValid
                0x0000000008011c4e       0x22 obj/SKYROVER/usb_regs.o
                0x0000000008011c4e                SetEPRxValid
 .text.Clear_Status_Out
                0x0000000008011c70       0x1e obj/SKYROVER/usb_regs.o
                0x0000000008011c70                Clear_Status_Out
 .text.ClearDTOG_RX
                0x0000000008011c8e       0x24 obj/SKYROVER/usb_regs.o
                0x0000000008011c8e                ClearDTOG_RX
 .text.ClearDTOG_TX
                0x0000000008011cb2       0x24 obj/SKYROVER/usb_regs.o
                0x0000000008011cb2                ClearDTOG_TX
 *fill*         0x0000000008011cd6        0x2 00
 .text.SetEPTxAddr
                0x0000000008011cd8       0x20 obj/SKYROVER/usb_regs.o
                0x0000000008011cd8                SetEPTxAddr
 .text.SetEPRxAddr
                0x0000000008011cf8       0x20 obj/SKYROVER/usb_regs.o
                0x0000000008011cf8                SetEPRxAddr
 .text.GetEPTxAddr
                0x0000000008011d18       0x1c obj/SKYROVER/usb_regs.o
                0x0000000008011d18                GetEPTxAddr
 .text.GetEPRxAddr
                0x0000000008011d34       0x1c obj/SKYROVER/usb_regs.o
                0x0000000008011d34                GetEPRxAddr
 .text.SetEPTxCount
                0x0000000008011d50       0x1c obj/SKYROVER/usb_regs.o
                0x0000000008011d50                SetEPTxCount
 .text.SetEPRxCount
                0x0000000008011d6c       0x3c obj/SKYROVER/usb_regs.o
                0x0000000008011d6c                SetEPRxCount
 .text.GetEPRxCount
                0x0000000008011da8       0x20 obj/SKYROVER/usb_regs.o
                0x0000000008011da8                GetEPRxCount
 .text.ByteSwap
                0x0000000008011dc8        0xa obj/SKYROVER/usb_regs.o
                0x0000000008011dc8                ByteSwap
 *fill*         0x0000000008011dd2        0x2 00
 .text.USB_SIL_Init
                0x0000000008011dd4       0x20 obj/SKYROVER/usb_sil.o
                0x0000000008011dd4                USB_SIL_Init
 .text.USB_SIL_Read
                0x0000000008011df4       0x24 obj/SKYROVER/usb_sil.o
                0x0000000008011df4                USB_SIL_Read
 .text.IntToUnicode
                0x0000000008011e18       0x2a obj/SKYROVER/hw_config.o
 .text.USB_LP_CAN1_RX0_IRQHandler
                0x0000000008011e42        0x4 obj/SKYROVER/hw_config.o
                0x0000000008011e42                USB_LP_CAN1_RX0_IRQHandler
 .text.USBWakeUp_IRQHandler
                0x0000000008011e46        0x8 obj/SKYROVER/hw_config.o
                0x0000000008011e46                USBWakeUp_IRQHandler
 *fill*         0x0000000008011e4e        0x2 00
 .text.Set_System
                0x0000000008011e50       0x4c obj/SKYROVER/hw_config.o
                0x0000000008011e50                Set_System
 .text.Set_USBClock
                0x0000000008011e9c       0x16 obj/SKYROVER/hw_config.o
                0x0000000008011e9c                Set_USBClock
 .text.USB_Interrupts_Config
                0x0000000008011eb2       0x3a obj/SKYROVER/hw_config.o
                0x0000000008011eb2                USB_Interrupts_Config
 .text.USB_Cable_Config
                0x0000000008011eec       0x1c obj/SKYROVER/hw_config.o
                0x0000000008011eec                USB_Cable_Config
 .text.USB_To_USART_Send_Data
                0x0000000008011f08       0x30 obj/SKYROVER/hw_config.o
                0x0000000008011f08                USB_To_USART_Send_Data
 .text.Handle_USBAsynchXfer
                0x0000000008011f38       0x94 obj/SKYROVER/hw_config.o
                0x0000000008011f38                Handle_USBAsynchXfer
 .text.USB_Send_Data
                0x0000000008011fcc       0x30 obj/SKYROVER/hw_config.o
                0x0000000008011fcc                USB_Send_Data
 .text.Get_SerialNum
                0x0000000008011ffc       0x34 obj/SKYROVER/hw_config.o
                0x0000000008011ffc                Get_SerialNum
 .text.EP1_IN_Callback
                0x0000000008012030       0x64 obj/SKYROVER/usb_endp.o
                0x0000000008012030                EP1_IN_Callback
 .text.EP3_OUT_Callback
                0x0000000008012094       0x24 obj/SKYROVER/usb_endp.o
                0x0000000008012094                EP3_OUT_Callback
 .text.SOF_Callback
                0x00000000080120b8       0x28 obj/SKYROVER/usb_endp.o
                0x00000000080120b8                SOF_Callback
 .text.USB_Istr
                0x00000000080120e0       0x7c obj/SKYROVER/usb_istr.o
                0x00000000080120e0                USB_Istr
 .text.Virtual_Com_Port_SetConfiguration
                0x000000000801215c       0x18 obj/SKYROVER/usb_prop.o
                0x000000000801215c                Virtual_Com_Port_SetConfiguration
 .text.Virtual_Com_Port_SetDeviceAddress
                0x0000000008012174        0xc obj/SKYROVER/usb_prop.o
                0x0000000008012174                Virtual_Com_Port_SetDeviceAddress
 .text.Virtual_Com_Port_Status_In
                0x0000000008012180       0x14 obj/SKYROVER/usb_prop.o
                0x0000000008012180                Virtual_Com_Port_Status_In
 .text.Virtual_Com_Port_Status_Out
                0x0000000008012194        0x2 obj/SKYROVER/usb_prop.o
                0x0000000008012194                Virtual_Com_Port_Status_Out
 *fill*         0x0000000008012196        0x2 00
 .text.Virtual_Com_Port_Data_Setup
                0x0000000008012198       0x5c obj/SKYROVER/usb_prop.o
                0x0000000008012198                Virtual_Com_Port_Data_Setup
 .text.Virtual_Com_Port_NoData_Setup
                0x00000000080121f4       0x24 obj/SKYROVER/usb_prop.o
                0x00000000080121f4                Virtual_Com_Port_NoData_Setup
 .text.Virtual_Com_Port_Get_Interface_Setting
                0x0000000008012218        0xe obj/SKYROVER/usb_prop.o
                0x0000000008012218                Virtual_Com_Port_Get_Interface_Setting
 *fill*         0x0000000008012226        0x2 00
 .text.Virtual_Com_Port_GetLineCoding
                0x0000000008012228       0x18 obj/SKYROVER/usb_prop.o
                0x0000000008012228                Virtual_Com_Port_GetLineCoding
 .text.Virtual_Com_Port_SetLineCoding
                0x0000000008012240       0x18 obj/SKYROVER/usb_prop.o
                0x0000000008012240                Virtual_Com_Port_SetLineCoding
 .text.Virtual_Com_Port_GetStringDescriptor
                0x0000000008012258       0x20 obj/SKYROVER/usb_prop.o
                0x0000000008012258                Virtual_Com_Port_GetStringDescriptor
 .text.Virtual_Com_Port_GetConfigDescriptor
                0x0000000008012278        0xc obj/SKYROVER/usb_prop.o
                0x0000000008012278                Virtual_Com_Port_GetConfigDescriptor
 .text.Virtual_Com_Port_GetDeviceDescriptor
                0x0000000008012284        0xc obj/SKYROVER/usb_prop.o
                0x0000000008012284                Virtual_Com_Port_GetDeviceDescriptor
 .text.Virtual_Com_Port_Reset
                0x0000000008012290       0xe0 obj/SKYROVER/usb_prop.o
                0x0000000008012290                Virtual_Com_Port_Reset
 .text.Virtual_Com_Port_init
                0x0000000008012370       0x24 obj/SKYROVER/usb_prop.o
                0x0000000008012370                Virtual_Com_Port_init
 .text.PowerOn  0x0000000008012394       0x30 obj/SKYROVER/usb_pwr.o
                0x0000000008012394                PowerOn
 .text.cosf     0x00000000080123c4       0x68 /Users/imac/Develop/stm32f4/arm_gcc/gcc-arm-none-eabi-4_7-2013q3/bin/../lib/gcc/arm-none-eabi/4.7.4/../../../../arm-none-eabi/lib/armv7-m/libm.a(lib_a-sf_cos.o)
                0x00000000080123c4                cosf
 .text.lrintf   0x000000000801242c       0x80 /Users/imac/Develop/stm32f4/arm_gcc/gcc-arm-none-eabi-4_7-2013q3/bin/../lib/gcc/arm-none-eabi/4.7.4/../../../../arm-none-eabi/lib/armv7-m/libm.a(lib_a-sf_lrint.o)
                0x000000000801242c                lrintf
 .text.sinf     0x00000000080124ac       0x78 /Users/imac/Develop/stm32f4/arm_gcc/gcc-arm-none-eabi-4_7-2013q3/bin/../lib/gcc/arm-none-eabi/4.7.4/../../../../arm-none-eabi/lib/armv7-m/libm.a(lib_a-sf_sin.o)
                0x00000000080124ac                sinf
 .text.atan2f   0x0000000008012524        0x4 /Users/imac/Develop/stm32f4/arm_gcc/gcc-arm-none-eabi-4_7-2013q3/bin/../lib/gcc/arm-none-eabi/4.7.4/../../../../arm-none-eabi/lib/armv7-m/libm.a(lib_a-wf_atan2.o)
                0x0000000008012524                atan2f
 .text.powf     0x0000000008012528      0x328 /Users/imac/Develop/stm32f4/arm_gcc/gcc-arm-none-eabi-4_7-2013q3/bin/../lib/gcc/arm-none-eabi/4.7.4/../../../../arm-none-eabi/lib/armv7-m/libm.a(lib_a-wf_pow.o)
                0x0000000008012528                powf
 .text.sqrtf    0x0000000008012850       0x9c /Users/imac/Develop/stm32f4/arm_gcc/gcc-arm-none-eabi-4_7-2013q3/bin/../lib/gcc/arm-none-eabi/4.7.4/../../../../arm-none-eabi/lib/armv7-m/libm.a(lib_a-wf_sqrt.o)
                0x0000000008012850                sqrtf
 .text.__ieee754_atan2f
                0x00000000080128ec      0x14c /Users/imac/Develop/stm32f4/arm_gcc/gcc-arm-none-eabi-4_7-2013q3/bin/../lib/gcc/arm-none-eabi/4.7.4/../../../../arm-none-eabi/lib/armv7-m/libm.a(lib_a-ef_atan2.o)
                0x00000000080128ec                __ieee754_atan2f
 .text.__ieee754_powf
                0x0000000008012a38      0x740 /Users/imac/Develop/stm32f4/arm_gcc/gcc-arm-none-eabi-4_7-2013q3/bin/../lib/gcc/arm-none-eabi/4.7.4/../../../../arm-none-eabi/lib/armv7-m/libm.a(lib_a-ef_pow.o)
                0x0000000008012a38                __ieee754_powf
 .text.__ieee754_rem_pio2f
                0x0000000008013178      0x358 /Users/imac/Develop/stm32f4/arm_gcc/gcc-arm-none-eabi-4_7-2013q3/bin/../lib/gcc/arm-none-eabi/4.7.4/../../../../arm-none-eabi/lib/armv7-m/libm.a(lib_a-ef_rem_pio2.o)
                0x0000000008013178                __ieee754_rem_pio2f
 .text.__ieee754_sqrtf
                0x00000000080134d0       0xd4 /Users/imac/Develop/stm32f4/arm_gcc/gcc-arm-none-eabi-4_7-2013q3/bin/../lib/gcc/arm-none-eabi/4.7.4/../../../../arm-none-eabi/lib/armv7-m/libm.a(lib_a-ef_sqrt.o)
                0x00000000080134d0                __ieee754_sqrtf
 .text.__kernel_cosf
                0x00000000080135a4      0x1b8 /Users/imac/Develop/stm32f4/arm_gcc/gcc-arm-none-eabi-4_7-2013q3/bin/../lib/gcc/arm-none-eabi/4.7.4/../../../../arm-none-eabi/lib/armv7-m/libm.a(lib_a-kf_cos.o)
                0x00000000080135a4                __kernel_cosf
 .text.__kernel_rem_pio2f
                0x000000000801375c      0xba0 /Users/imac/Develop/stm32f4/arm_gcc/gcc-arm-none-eabi-4_7-2013q3/bin/../lib/gcc/arm-none-eabi/4.7.4/../../../../arm-none-eabi/lib/armv7-m/libm.a(lib_a-kf_rem_pio2.o)
                0x000000000801375c                __kernel_rem_pio2f
 .text.__kernel_sinf
                0x00000000080142fc      0x100 /Users/imac/Develop/stm32f4/arm_gcc/gcc-arm-none-eabi-4_7-2013q3/bin/../lib/gcc/arm-none-eabi/4.7.4/../../../../arm-none-eabi/lib/armv7-m/libm.a(lib_a-kf_sin.o)
                0x00000000080142fc                __kernel_sinf
 .text.matherr  0x00000000080143fc        0x4 /Users/imac/Develop/stm32f4/arm_gcc/gcc-arm-none-eabi-4_7-2013q3/bin/../lib/gcc/arm-none-eabi/4.7.4/../../../../arm-none-eabi/lib/armv7-m/libm.a(lib_a-s_matherr.o)
                0x00000000080143fc                matherr
 .text.rint     0x0000000008014400      0x128 /Users/imac/Develop/stm32f4/arm_gcc/gcc-arm-none-eabi-4_7-2013q3/bin/../lib/gcc/arm-none-eabi/4.7.4/../../../../arm-none-eabi/lib/armv7-m/libm.a(lib_a-s_rint.o)
                0x0000000008014400                rint
 .text.atanf    0x0000000008014528      0x258 /Users/imac/Develop/stm32f4/arm_gcc/gcc-arm-none-eabi-4_7-2013q3/bin/../lib/gcc/arm-none-eabi/4.7.4/../../../../arm-none-eabi/lib/armv7-m/libm.a(lib_a-sf_atan.o)
                0x0000000008014528                atanf
 .text.fabsf    0x0000000008014780        0x8 /Users/imac/Develop/stm32f4/arm_gcc/gcc-arm-none-eabi-4_7-2013q3/bin/../lib/gcc/arm-none-eabi/4.7.4/../../../../arm-none-eabi/lib/armv7-m/libm.a(lib_a-sf_fabs.o)
                0x0000000008014780                fabsf
 .text.finitef  0x0000000008014788       0x10 /Users/imac/Develop/stm32f4/arm_gcc/gcc-arm-none-eabi-4_7-2013q3/bin/../lib/gcc/arm-none-eabi/4.7.4/../../../../arm-none-eabi/lib/armv7-m/libm.a(lib_a-sf_finite.o)
                0x0000000008014788                finitef
 .text.floorf   0x0000000008014798       0x94 /Users/imac/Develop/stm32f4/arm_gcc/gcc-arm-none-eabi-4_7-2013q3/bin/../lib/gcc/arm-none-eabi/4.7.4/../../../../arm-none-eabi/lib/armv7-m/libm.a(lib_a-sf_floor.o)
                0x0000000008014798                floorf
 .text.__fpclassifyf
                0x000000000801482c       0x58 /Users/imac/Develop/stm32f4/arm_gcc/gcc-arm-none-eabi-4_7-2013q3/bin/../lib/gcc/arm-none-eabi/4.7.4/../../../../arm-none-eabi/lib/armv7-m/libm.a(lib_a-sf_fpclassify.o)
                0x000000000801482c                __fpclassifyf
 .text.nanf     0x0000000008014884        0x8 /Users/imac/Develop/stm32f4/arm_gcc/gcc-arm-none-eabi-4_7-2013q3/bin/../lib/gcc/arm-none-eabi/4.7.4/../../../../arm-none-eabi/lib/armv7-m/libm.a(lib_a-sf_nan.o)
                0x0000000008014884                nanf
 .text.scalbnf  0x000000000801488c       0xc0 /Users/imac/Develop/stm32f4/arm_gcc/gcc-arm-none-eabi-4_7-2013q3/bin/../lib/gcc/arm-none-eabi/4.7.4/../../../../arm-none-eabi/lib/armv7-m/libm.a(lib_a-sf_scalbn.o)
                0x000000000801488c                scalbnf
 .text.copysignf
                0x000000000801494c        0xc /Users/imac/Develop/stm32f4/arm_gcc/gcc-arm-none-eabi-4_7-2013q3/bin/../lib/gcc/arm-none-eabi/4.7.4/../../../../arm-none-eabi/lib/armv7-m/libm.a(lib_a-sf_copysign.o)
                0x000000000801494c                copysignf
 .text.__register_exitproc
                0x0000000008014958       0xac /Users/imac/Develop/stm32f4/arm_gcc/gcc-arm-none-eabi-4_7-2013q3/bin/../lib/gcc/arm-none-eabi/4.7.4/../../../../arm-none-eabi/lib/armv7-m/libc.a(lib_a-__atexit.o)
                0x0000000008014958                __register_exitproc
 .text.atoi     0x0000000008014a04        0x8 /Users/imac/Develop/stm32f4/arm_gcc/gcc-arm-none-eabi-4_7-2013q3/bin/../lib/gcc/arm-none-eabi/4.7.4/../../../../arm-none-eabi/lib/armv7-m/libc.a(lib_a-atoi.o)
                0x0000000008014a04                atoi
 .text.bsearch  0x0000000008014a0c       0x40 /Users/imac/Develop/stm32f4/arm_gcc/gcc-arm-none-eabi-4_7-2013q3/bin/../lib/gcc/arm-none-eabi/4.7.4/../../../../arm-none-eabi/lib/armv7-m/libc.a(lib_a-bsearch.o)
                0x0000000008014a0c                bsearch